Archive member included to satisfy reference by file (symbol)

c:/sysgcc/arm-eabi/bin/../lib/gcc/arm-none-eabi/10.3.1/thumb/v7e-m+dp/hard\libgcc.a(_aeabi_uldivmod.o)
                              CMakeFiles/BSP.dir/Drivers/STM32F7xx_HAL_Driver/Src/stm32f7xx_hal_rcc.c.obj (__aeabi_uldivmod)
c:/sysgcc/arm-eabi/bin/../lib/gcc/arm-none-eabi/10.3.1/thumb/v7e-m+dp/hard\libgcc.a(_udivmoddi4.o)
                              c:/sysgcc/arm-eabi/bin/../lib/gcc/arm-none-eabi/10.3.1/thumb/v7e-m+dp/hard\libgcc.a(_aeabi_uldivmod.o) (__udivmoddi4)
c:/sysgcc/arm-eabi/bin/../lib/gcc/arm-none-eabi/10.3.1/thumb/v7e-m+dp/hard\libgcc.a(_dvmd_tls.o)
                              c:/sysgcc/arm-eabi/bin/../lib/gcc/arm-none-eabi/10.3.1/thumb/v7e-m+dp/hard\libgcc.a(_aeabi_uldivmod.o) (__aeabi_ldiv0)
c:/sysgcc/arm-eabi/bin/../lib/gcc/arm-none-eabi/10.3.1/../../../../arm-none-eabi/lib/thumb/v7e-m+dp/hard\libg.a(lib_a-exit.o)
                              c:/sysgcc/arm-eabi/bin/../lib/gcc/arm-none-eabi/10.3.1/../../../../arm-none-eabi/lib/thumb/v7e-m+dp/hard/rdimon-crt0.o (exit)
c:/sysgcc/arm-eabi/bin/../lib/gcc/arm-none-eabi/10.3.1/../../../../arm-none-eabi/lib/thumb/v7e-m+dp/hard\libg.a(lib_a-impure.o)
                              c:/sysgcc/arm-eabi/bin/../lib/gcc/arm-none-eabi/10.3.1/../../../../arm-none-eabi/lib/thumb/v7e-m+dp/hard\libg.a(lib_a-exit.o) (_global_impure_ptr)
c:/sysgcc/arm-eabi/bin/../lib/gcc/arm-none-eabi/10.3.1/../../../../arm-none-eabi/lib/thumb/v7e-m+dp/hard\libg.a(lib_a-init.o)
                              c:/sysgcc/arm-eabi/bin/../lib/gcc/arm-none-eabi/10.3.1/../../../../arm-none-eabi/lib/thumb/v7e-m+dp/hard/rdimon-crt0.o (__libc_init_array)
c:/sysgcc/arm-eabi/bin/../lib/gcc/arm-none-eabi/10.3.1/../../../../arm-none-eabi/lib/thumb/v7e-m+dp/hard\libg.a(lib_a-itoa.o)
                              CMakeFiles/BSP.dir/Core/Src/main.c.obj (itoa)
c:/sysgcc/arm-eabi/bin/../lib/gcc/arm-none-eabi/10.3.1/../../../../arm-none-eabi/lib/thumb/v7e-m+dp/hard\libg.a(lib_a-memcpy.o)
                              CMakeFiles/BSP.dir/Middlewares/Third_Party/FreeRTOS/Source/queue.c.obj (memcpy)
c:/sysgcc/arm-eabi/bin/../lib/gcc/arm-none-eabi/10.3.1/../../../../arm-none-eabi/lib/thumb/v7e-m+dp/hard\libg.a(lib_a-memset.o)
                              c:/sysgcc/arm-eabi/bin/../lib/gcc/arm-none-eabi/10.3.1/../../../../arm-none-eabi/lib/thumb/v7e-m+dp/hard/rdimon-crt0.o (memset)
c:/sysgcc/arm-eabi/bin/../lib/gcc/arm-none-eabi/10.3.1/../../../../arm-none-eabi/lib/thumb/v7e-m+dp/hard\libg.a(lib_a-reent.o)
                              CMakeFiles/BSP.dir/Middlewares/Third_Party/FreeRTOS/Source/tasks.c.obj (_reclaim_reent)
c:/sysgcc/arm-eabi/bin/../lib/gcc/arm-none-eabi/10.3.1/../../../../arm-none-eabi/lib/thumb/v7e-m+dp/hard\libg.a(lib_a-sprintf.o)
                              CMakeFiles/BSP.dir/Middlewares/Third_Party/FreeRTOS/Source/tasks.c.obj (sprintf)
c:/sysgcc/arm-eabi/bin/../lib/gcc/arm-none-eabi/10.3.1/../../../../arm-none-eabi/lib/thumb/v7e-m+dp/hard\libg.a(lib_a-strcpy.o)
                              CMakeFiles/BSP.dir/Core/Src/main.c.obj (strcpy)
c:/sysgcc/arm-eabi/bin/../lib/gcc/arm-none-eabi/10.3.1/../../../../arm-none-eabi/lib/thumb/v7e-m+dp/hard\libg.a(lib_a-strlen.o)
                              CMakeFiles/BSP.dir/Core/Src/main.c.obj (strlen)
c:/sysgcc/arm-eabi/bin/../lib/gcc/arm-none-eabi/10.3.1/../../../../arm-none-eabi/lib/thumb/v7e-m+dp/hard\libg.a(lib_a-svfprintf.o)
                              c:/sysgcc/arm-eabi/bin/../lib/gcc/arm-none-eabi/10.3.1/../../../../arm-none-eabi/lib/thumb/v7e-m+dp/hard\libg.a(lib_a-sprintf.o) (_svfprintf_r)
c:/sysgcc/arm-eabi/bin/../lib/gcc/arm-none-eabi/10.3.1/../../../../arm-none-eabi/lib/thumb/v7e-m+dp/hard\libg.a(lib_a-utoa.o)
                              c:/sysgcc/arm-eabi/bin/../lib/gcc/arm-none-eabi/10.3.1/../../../../arm-none-eabi/lib/thumb/v7e-m+dp/hard\libg.a(lib_a-itoa.o) (__utoa)
c:/sysgcc/arm-eabi/bin/../lib/gcc/arm-none-eabi/10.3.1/../../../../arm-none-eabi/lib/thumb/v7e-m+dp/hard\libg.a(lib_a-__call_atexit.o)
                              c:/sysgcc/arm-eabi/bin/../lib/gcc/arm-none-eabi/10.3.1/../../../../arm-none-eabi/lib/thumb/v7e-m+dp/hard\libg.a(lib_a-exit.o) (__call_exitprocs)
c:/sysgcc/arm-eabi/bin/../lib/gcc/arm-none-eabi/10.3.1/../../../../arm-none-eabi/lib/thumb/v7e-m+dp/hard\libg.a(lib_a-atexit.o)
                              c:/sysgcc/arm-eabi/bin/../lib/gcc/arm-none-eabi/10.3.1/../../../../arm-none-eabi/lib/thumb/v7e-m+dp/hard\libg.a(lib_a-__call_atexit.o) (atexit)
c:/sysgcc/arm-eabi/bin/../lib/gcc/arm-none-eabi/10.3.1/../../../../arm-none-eabi/lib/thumb/v7e-m+dp/hard\libg.a(lib_a-dtoa.o)
                              c:/sysgcc/arm-eabi/bin/../lib/gcc/arm-none-eabi/10.3.1/../../../../arm-none-eabi/lib/thumb/v7e-m+dp/hard\libg.a(lib_a-svfprintf.o) (_dtoa_r)
c:/sysgcc/arm-eabi/bin/../lib/gcc/arm-none-eabi/10.3.1/../../../../arm-none-eabi/lib/thumb/v7e-m+dp/hard\libg.a(lib_a-fini.o)
[...]
Memory Configuration

Name             Origin             Length             Attributes
RAM              0x20000000         0x00080000         xrw
FLASH            0x08000000         0x00200000         xr
*default*        0x00000000         0xffffffff

Linker script and memory map

LOAD c:/sysgcc/arm-eabi/bin/../lib/gcc/arm-none-eabi/10.3.1/thumb/v7e-m+dp/hard/crti.o
LOAD c:/sysgcc/arm-eabi/bin/../lib/gcc/arm-none-eabi/10.3.1/thumb/v7e-m+dp/hard/crtbegin.o
LOAD c:/sysgcc/arm-eabi/bin/../lib/gcc/arm-none-eabi/10.3.1/../../../../arm-none-eabi/lib/thumb/v7e-m+dp/hard/rdimon-crt0.o
LOAD CMakeFiles/BSP.dir/Core/Src/freertos.c.obj
LOAD CMakeFiles/BSP.dir/Core/Src/main.c.obj
LOAD CMakeFiles/BSP.dir/Core/Src/stm32f7xx_hal_msp.c.obj
LOAD CMakeFiles/BSP.dir/Core/Src/stm32f7xx_hal_timebase_tim.c.obj
LOAD CMakeFiles/BSP.dir/Core/Src/stm32f7xx_it.c.obj
LOAD CMakeFiles/BSP.dir/Core/Src/system_stm32f7xx.c.obj
LOAD CMakeFiles/BSP.dir/Core/Startup/startup_stm32f767zitx.s.obj
LOAD CMakeFiles/BSP.dir/Middlewares/Third_Party/FreeRTOS/Source/croutine.c.obj
LOAD CMakeFiles/BSP.dir/Middlewares/Third_Party/FreeRTOS/Source/event_groups.c.obj
LOAD CMakeFiles/BSP.dir/Middlewares/Third_Party/FreeRTOS/Source/list.c.obj
LOAD CMakeFiles/BSP.dir/Middlewares/Third_Party/FreeRTOS/Source/queue.c.obj
LOAD CMakeFiles/BSP.dir/Middlewares/Third_Party/FreeRTOS/Source/stream_buffer.c.obj
LOAD CMakeFiles/BSP.dir/Middlewares/Third_Party/FreeRTOS/Source/tasks.c.obj
LOAD CMakeFiles/BSP.dir/Middlewares/Third_Party/FreeRTOS/Source/timers.c.obj
LOAD CMakeFiles/BSP.dir/Middlewares/Third_Party/FreeRTOS/Source/CMSIS_RTOS_V2/cmsis_os2.c.obj
LOAD CMakeFiles/BSP.dir/Middlewares/Third_Party/FreeRTOS/Source/portable/GCC/ARM_CM7/r0p1/port.c.obj
LOAD CMakeFiles/BSP.dir/Middlewares/Third_Party/FreeRTOS/Source/portable/MemMang/heap_4.c.obj
LOAD CMakeFiles/BSP.dir/Drivers/STM32F7xx_HAL_Driver/Src/stm32f7xx_hal.c.obj
LOAD CMakeFiles/BSP.dir/Drivers/STM32F7xx_HAL_Driver/Src/stm32f7xx_hal_adc.c.obj
LOAD CMakeFiles/BSP.dir/Drivers/STM32F7xx_HAL_Driver/Src/stm32f7xx_hal_adc_ex.c.obj
LOAD CMakeFiles/BSP.dir/Drivers/STM32F7xx_HAL_Driver/Src/stm32f7xx_hal_cortex.c.obj
LOAD CMakeFiles/BSP.dir/Drivers/STM32F7xx_HAL_Driver/Src/stm32f7xx_hal_dma.c.obj
LOAD CMakeFiles/BSP.dir/Drivers/STM32F7xx_HAL_Driver/Src/stm32f7xx_hal_dma_ex.c.obj
LOAD CMakeFiles/BSP.dir/Drivers/STM32F7xx_HAL_Driver/Src/stm32f7xx_hal_exti.c.obj
LOAD CMakeFiles/BSP.dir/Drivers/STM32F7xx_HAL_Driver/Src/stm32f7xx_hal_flash.c.obj
LOAD CMakeFiles/BSP.dir/Drivers/STM32F7xx_HAL_Driver/Src/stm32f7xx_hal_flash_ex.c.obj
LOAD CMakeFiles/BSP.dir/Drivers/STM32F7xx_HAL_Driver/Src/stm32f7xx_hal_gpio.c.obj
LOAD CMakeFiles/BSP.dir/Drivers/STM32F7xx_HAL_Driver/Src/stm32f7xx_hal_i2c.c.obj
LOAD CMakeFiles/BSP.dir/Drivers/STM32F7xx_HAL_Driver/Src/stm32f7xx_hal_i2c_ex.c.obj
LOAD CMakeFiles/BSP.dir/Drivers/STM32F7xx_HAL_Driver/Src/stm32f7xx_hal_pcd.c.obj
LOAD CMakeFiles/BSP.dir/Drivers/STM32F7xx_HAL_Driver/Src/stm32f7xx_hal_pcd_ex.c.obj
LOAD CMakeFiles/BSP.dir/Drivers/STM32F7xx_HAL_Driver/Src/stm32f7xx_hal_pwr.c.obj
LOAD CMakeFiles/BSP.dir/Drivers/STM32F7xx_HAL_Driver/Src/stm32f7xx_hal_pwr_ex.c.obj
LOAD CMakeFiles/BSP.dir/Drivers/STM32F7xx_HAL_Driver/Src/stm32f7xx_hal_rcc.c.obj
LOAD CMakeFiles/BSP.dir/Drivers/STM32F7xx_HAL_Driver/Src/stm32f7xx_hal_rcc_ex.c.obj
LOAD CMakeFiles/BSP.dir/Drivers/STM32F7xx_HAL_Driver/Src/stm32f7xx_hal_tim.c.obj
LOAD CMakeFiles/BSP.dir/Drivers/STM32F7xx_HAL_Driver/Src/stm32f7xx_hal_tim_ex.c.obj
LOAD CMakeFiles/BSP.dir/Drivers/STM32F7xx_HAL_Driver/Src/stm32f7xx_hal_uart.c.obj
LOAD CMakeFiles/BSP.dir/Drivers/STM32F7xx_HAL_Driver/Src/stm32f7xx_hal_uart_ex.c.obj
LOAD CMakeFiles/BSP.dir/Drivers/STM32F7xx_HAL_Driver/Src/stm32f7xx_ll_usb.c.obj
LOAD CMakeFiles/STM32_Freertos_CubeMX.dir/C_/Program_Files_(x86)/Sysprogs/VisualGDB/CMake/embedded/dummy.c.obj
START GROUP
LOAD c:/sysgcc/arm-eabi/bin/../lib/gcc/arm-none-eabi/10.3.1/thumb/v7e-m+dp/hard\libgcc.a
LOAD c:/sysgcc/arm-eabi/bin/../lib/gcc/arm-none-eabi/10.3.1/../../../../arm-none-eabi/lib/thumb/v7e-m+dp/hard\libg.a
LOAD c:/sysgcc/arm-eabi/bin/../lib/gcc/arm-none-eabi/10.3.1/../../../../arm-none-eabi/lib/thumb/v7e-m+dp/hard\libc.a
END GROUP
START GROUP
LOAD c:/sysgcc/arm-eabi/bin/../lib/gcc/arm-none-eabi/10.3.1/thumb/v7e-m+dp/hard\libgcc.a
LOAD c:/sysgcc/arm-eabi/bin/../lib/gcc/arm-none-eabi/10.3.1/../../../../arm-none-eabi/lib/thumb/v7e-m+dp/hard\libc.a
LOAD c:/sysgcc/arm-eabi/bin/../lib/gcc/arm-none-eabi/10.3.1/../../../../arm-none-eabi/lib/thumb/v7e-m+dp/hard\librdimon.a
END GROUP
LOAD c:/sysgcc/arm-eabi/bin/../lib/gcc/arm-none-eabi/10.3.1/thumb/v7e-m+dp/hard/crtend.o
LOAD c:/sysgcc/arm-eabi/bin/../lib/gcc/arm-none-eabi/10.3.1/thumb/v7e-m+dp/hard/crtn.o
                0x20080000                _estack = (ORIGIN (RAM) + LENGTH (RAM))
                0x00000200                _Min_Heap_Size = 0x200
                0x00000400                _Min_Stack_Size = 0x400

.isr_vector     0x08000000      0x1f8
                0x08000000                . = ALIGN (0x4)
 *(.isr_vector)
 .isr_vector    0x08000000      0x1f8 CMakeFiles/BSP.dir/Core/Startup/startup_stm32f767zitx.s.obj
                0x08000000                g_pfnVectors
                0x080001f8                . = ALIGN (0x4)

.text           0x08000200     0x970c
                0x08000200                . = ALIGN (0x4)
 *(.text)
 .text          0x08000200       0x40 c:/sysgcc/arm-eabi/bin/../lib/gcc/arm-none-eabi/10.3.1/thumb/v7e-m+dp/hard/crtbegin.o
 .text          0x08000240       0x30 c:/sysgcc/arm-eabi/bin/../lib/gcc/arm-none-eabi/10.3.1/thumb/v7e-m+dp/hard\libgcc.a(_aeabi_uldivmod.o)
                0x08000240                __aeabi_uldivmod
 .text          0x08000270      0x2d0 c:/sysgcc/arm-eabi/bin/../lib/gcc/arm-none-eabi/10.3.1/thumb/v7e-m+dp/hard\libgcc.a(_udivmoddi4.o)
                0x08000270                __udivmoddi4
 .text          0x08000540        0x4 c:/sysgcc/arm-eabi/bin/../lib/gcc/arm-none-eabi/10.3.1/thumb/v7e-m+dp/hard\libgcc.a(_dvmd_tls.o)
                0x08000540                __aeabi_idiv0
                0x08000540                __aeabi_ldiv0
 .text          0x08000544      0x134 c:/sysgcc/arm-eabi/bin/../lib/gcc/arm-none-eabi/10.3.1/../../../../arm-none-eabi/lib/thumb/v7e-m+dp/hard\libg.a(lib_a-memcpy.o)
                0x08000544                memcpy
 *fill*         0x08000678        0x8 
 .text          0x08000680       0xdc c:/sysgcc/arm-eabi/bin/../lib/gcc/arm-none-eabi/10.3.1/../../../../arm-none-eabi/lib/thumb/v7e-m+dp/hard\libg.a(lib_a-strlen.o)
                0x08000680                strlen
 *(.text*)
 .text.main     0x0800075c      0x190 CMakeFiles/BSP.dir/Core/Src/main.c.obj
                0x0800075c                main
 .text.SystemClock_Config
                0x080008ec       0xe0 CMakeFiles/BSP.dir/Core/Src/main.c.obj
                0x080008ec                SystemClock_Config
 .text.MX_ADC1_Init
                0x080009cc       0xa8 CMakeFiles/BSP.dir/Core/Src/main.c.obj
 .text.MX_ADC2_Init
                0x08000a74       0xa4 CMakeFiles/BSP.dir/Core/Src/main.c.obj
 .text.MX_TIM10_Init
                0x08000b18       0x48 CMakeFiles/BSP.dir/Core/Src/main.c.obj
 .text.MX_TIM13_Init
                0x08000b60       0x9c CMakeFiles/BSP.dir/Core/Src/main.c.obj
 .text.MX_USART3_UART_Init
                0x08000bfc       0x60 CMakeFiles/BSP.dir/Core/Src/main.c.obj
 .text.MX_USB_OTG_FS_PCD_Init
                0x08000c5c       0x5c CMakeFiles/BSP.dir/Core/Src/main.c.obj
 .text.MX_GPIO_Init
                0x08000cb8      0x154 CMakeFiles/BSP.dir/Core/Src/main.c.obj
 .text.configureTimerForRunTimeStats
                0x08000e0c       0x1c CMakeFiles/BSP.dir/Core/Src/main.c.obj
                0x08000e0c                configureTimerForRunTimeStats
 .text.getRunTimeCounterValue
                0x08000e28       0x18 CMakeFiles/BSP.dir/Core/Src/main.c.obj
                0x08000e28                getRunTimeCounterValue
 .text.HAL_GPIO_EXTI_Callback
                0x08000e40       0x38 CMakeFiles/BSP.dir/Core/Src/main.c.obj
                0x08000e40                HAL_GPIO_EXTI_Callback
 .text.getTemperature
                0x08000e78       0x28 CMakeFiles/BSP.dir/Core/Src/main.c.obj
 .text.printUsartMessage
                0x08000ea0       0x28 CMakeFiles/BSP.dir/Core/Src/main.c.obj
 .text.StartDefaultTask
                0x08000ec8       0x10 CMakeFiles/BSP.dir/Core/Src/main.c.obj
                0x08000ec8                StartDefaultTask
 .text.ledBlinkBlue
                0x08000ed8       0x1c CMakeFiles/BSP.dir/Core/Src/main.c.obj
                0x08000ed8                ledBlinkBlue
 .text.StartBlinkyTask
                0x08000ef4       0x20 CMakeFiles/BSP.dir/Core/Src/main.c.obj
                0x08000ef4                StartBlinkyTask
 .text.adcReadValueTask
                0x08000f14       0x40 CMakeFiles/BSP.dir/Core/Src/main.c.obj
                0x08000f14                adcReadValueTask
 .text.readTempTask
                0x08000f54       0xa8 CMakeFiles/BSP.dir/Core/Src/main.c.obj
                0x08000f54                readTempTask
 .text.pwmLedBrightnessTask
                0x08000ffc       0x8c CMakeFiles/BSP.dir/Core/Src/main.c.obj
                0x08000ffc                pwmLedBrightnessTask
 .text.usartDebugPrintTask
                0x08001088       0x30 CMakeFiles/BSP.dir/Core/Src/main.c.obj
                0x08001088                usartDebugPrintTask
 .text.checkISRStateTask
                0x080010b8       0xcc CMakeFiles/BSP.dir/Core/Src/main.c.obj
                0x080010b8                checkISRStateTask
 .text.rtosRuntimeStatsTask
                0x08001184       0x10 CMakeFiles/BSP.dir/Core/Src/main.c.obj
                0x08001184                rtosRuntimeStatsTask
 .text.HAL_TIM_PeriodElapsedCallback
                0x08001194       0x24 CMakeFiles/BSP.dir/Core/Src/main.c.obj
                0x08001194                HAL_TIM_PeriodElapsedCallback
 .text.Error_Handler
                0x080011b8        0xa CMakeFiles/BSP.dir/Core/Src/main.c.obj
                0x080011b8                Error_Handler
 *fill*         0x080011c2        0x2 
 .text.HAL_MspInit
                0x080011c4       0x50 CMakeFiles/BSP.dir/Core/Src/stm32f7xx_hal_msp.c.obj
                0x080011c4                HAL_MspInit
 .text.HAL_ADC_MspInit
                0x08001214       0xdc CMakeFiles/BSP.dir/Core/Src/stm32f7xx_hal_msp.c.obj
                0x08001214                HAL_ADC_MspInit
 .text.HAL_TIM_Base_MspInit
                0x080012f0       0x84 CMakeFiles/BSP.dir/Core/Src/stm32f7xx_hal_msp.c.obj
                0x080012f0                HAL_TIM_Base_MspInit
 .text.HAL_TIM_MspPostInit
                0x08001374       0x70 CMakeFiles/BSP.dir/Core/Src/stm32f7xx_hal_msp.c.obj
                0x08001374                HAL_TIM_MspPostInit
 .text.HAL_UART_MspInit
                0x080013e4       0xc0 CMakeFiles/BSP.dir/Core/Src/stm32f7xx_hal_msp.c.obj
                0x080013e4                HAL_UART_MspInit
 .text.HAL_PCD_MspInit
                0x080014a4       0xf4 CMakeFiles/BSP.dir/Core/Src/stm32f7xx_hal_msp.c.obj
                0x080014a4                HAL_PCD_MspInit
 .text.HAL_InitTick
                0x08001598       0xe4 CMakeFiles/BSP.dir/Core/Src/stm32f7xx_hal_timebase_tim.c.obj
                0x08001598                HAL_InitTick
 .text.NMI_Handler
                0x0800167c        0x6 CMakeFiles/BSP.dir/Core/Src/stm32f7xx_it.c.obj
                0x0800167c                NMI_Handler
 .text.HardFault_Handler
                0x08001682        0x6 CMakeFiles/BSP.dir/Core/Src/stm32f7xx_it.c.obj
                0x08001682                HardFault_Handler
 .text.MemManage_Handler
                0x08001688        0x6 CMakeFiles/BSP.dir/Core/Src/stm32f7xx_it.c.obj
                0x08001688                MemManage_Handler
 .text.BusFault_Handler
                0x0800168e        0x6 CMakeFiles/BSP.dir/Core/Src/stm32f7xx_it.c.obj
                0x0800168e                BusFault_Handler
 .text.UsageFault_Handler
                0x08001694        0x6 CMakeFiles/BSP.dir/Core/Src/stm32f7xx_it.c.obj
                0x08001694                UsageFault_Handler
 .text.DebugMon_Handler
                0x0800169a        0xe CMakeFiles/BSP.dir/Core/Src/stm32f7xx_it.c.obj
                0x0800169a                DebugMon_Handler
 .text.TIM1_UP_TIM10_IRQHandler
                0x080016a8       0x14 CMakeFiles/BSP.dir/Core/Src/stm32f7xx_it.c.obj
                0x080016a8                TIM1_UP_TIM10_IRQHandler
 .text.EXTI15_10_IRQHandler
                0x080016bc       0x10 CMakeFiles/BSP.dir/Core/Src/stm32f7xx_it.c.obj
                0x080016bc                EXTI15_10_IRQHandler
 .text.TIM8_UP_TIM13_IRQHandler
                0x080016cc       0x1c CMakeFiles/BSP.dir/Core/Src/stm32f7xx_it.c.obj
                0x080016cc                TIM8_UP_TIM13_IRQHandler
 .text.SystemInit
                0x080016e8       0x24 CMakeFiles/BSP.dir/Core/Src/system_stm32f7xx.c.obj
                0x080016e8                SystemInit
 .text.Reset_Handler
                0x0800170c       0x50 CMakeFiles/BSP.dir/Core/Startup/startup_stm32f767zitx.s.obj
                0x0800170c                Reset_Handler
 .text.Default_Handler
                0x0800175c        0x2 CMakeFiles/BSP.dir/Core/Startup/startup_stm32f767zitx.s.obj
                0x0800175c                RTC_Alarm_IRQHandler
                0x0800175c                EXTI2_IRQHandler
                0x0800175c                TIM8_CC_IRQHandler
                0x0800175c                UART8_IRQHandler
                0x0800175c                SPI4_IRQHandler
                0x0800175c                TIM1_CC_IRQHandler
                0x0800175c                DMA2_Stream5_IRQHandler
                0x0800175c                JPEG_IRQHandler
                0x0800175c                DMA1_Stream5_IRQHandler
                0x0800175c                CAN3_RX1_IRQHandler
                0x0800175c                PVD_IRQHandler
                0x0800175c                TAMP_STAMP_IRQHandler
                0x0800175c                CAN2_RX1_IRQHandler
                0x0800175c                EXTI3_IRQHandler
                0x0800175c                TIM8_TRG_COM_TIM14_IRQHandler
                0x0800175c                DFSDM1_FLT1_IRQHandler
                0x0800175c                I2C3_ER_IRQHandler
                0x0800175c                DFSDM1_FLT2_IRQHandler
                0x0800175c                EXTI0_IRQHandler
                0x0800175c                I2C2_EV_IRQHandler
                0x0800175c                DMA1_Stream2_IRQHandler
                0x0800175c                CAN1_RX0_IRQHandler
                0x0800175c                FPU_IRQHandler
                0x0800175c                OTG_HS_WKUP_IRQHandler
                0x0800175c                CAN3_SCE_IRQHandler
                0x0800175c                LTDC_ER_IRQHandler
                0x0800175c                CAN2_SCE_IRQHandler
                0x0800175c                DMA2_Stream2_IRQHandler
                0x0800175c                SPI1_IRQHandler
                0x0800175c                TIM6_DAC_IRQHandler
                0x0800175c                TIM1_BRK_TIM9_IRQHandler
                0x0800175c                DCMI_IRQHandler
                0x0800175c                CAN2_RX0_IRQHandler
                0x0800175c                DMA2_Stream3_IRQHandler
                0x0800175c                SAI2_IRQHandler
                0x0800175c                DFSDM1_FLT3_IRQHandler
                0x0800175c                USART6_IRQHandler
                0x0800175c                CAN3_RX0_IRQHandler
                0x0800175c                USART3_IRQHandler
                0x0800175c                CAN1_RX1_IRQHandler
                0x0800175c                UART5_IRQHandler
                0x0800175c                DMA2_Stream0_IRQHandler
                0x0800175c                TIM4_IRQHandler
                0x0800175c                QUADSPI_IRQHandler
                0x0800175c                I2C1_EV_IRQHandler
                0x0800175c                DMA1_Stream6_IRQHandler
                0x0800175c                DMA1_Stream1_IRQHandler
                0x0800175c                UART4_IRQHandler
                0x0800175c                TIM3_IRQHandler
                0x0800175c                RCC_IRQHandler
                0x0800175c                TIM8_BRK_TIM12_IRQHandler
                0x0800175c                Default_Handler
                0x0800175c                CEC_IRQHandler
                0x0800175c                ADC_IRQHandler
                0x0800175c                DMA1_Stream7_IRQHandler
                0x0800175c                SPI5_IRQHandler
                0x0800175c                TIM7_IRQHandler
                0x0800175c                SDMMC1_IRQHandler
                0x0800175c                CAN2_TX_IRQHandler
                0x0800175c                TIM5_IRQHandler
                0x0800175c                DMA2_Stream7_IRQHandler
                0x0800175c                I2C3_EV_IRQHandler
                0x0800175c                EXTI9_5_IRQHandler
                0x0800175c                RTC_WKUP_IRQHandler
                0x0800175c                LTDC_IRQHandler
                0x0800175c                ETH_WKUP_IRQHandler
                0x0800175c                SPDIF_RX_IRQHandler
                0x0800175c                SPI2_IRQHandler
                0x0800175c                OTG_HS_EP1_IN_IRQHandler
                0x0800175c                DMA1_Stream0_IRQHandler
                0x0800175c                CAN1_TX_IRQHandler
                0x0800175c                EXTI4_IRQHandler
                0x0800175c                RNG_IRQHandler
                0x0800175c                ETH_IRQHandler
                0x0800175c                OTG_HS_EP1_OUT_IRQHandler
                0x0800175c                WWDG_IRQHandler
                0x0800175c                SPI6_IRQHandler
                0x0800175c                MDIOS_IRQHandler
                0x0800175c                I2C4_EV_IRQHandler
                0x0800175c                CAN3_TX_IRQHandler
                0x0800175c                TIM2_IRQHandler
                0x0800175c                OTG_FS_WKUP_IRQHandler
                0x0800175c                TIM1_TRG_COM_TIM11_IRQHandler
                0x0800175c                OTG_HS_IRQHandler
                0x0800175c                DMA2D_IRQHandler
                0x0800175c                EXTI1_IRQHandler
                0x0800175c                SDMMC2_IRQHandler
                0x0800175c                UART7_IRQHandler
                0x0800175c                USART2_IRQHandler
                0x0800175c                DFSDM1_FLT0_IRQHandler
                0x0800175c                I2C2_ER_IRQHandler
                0x0800175c                DMA2_Stream1_IRQHandler
                0x0800175c                CAN1_SCE_IRQHandler
                0x0800175c                FLASH_IRQHandler
                0x0800175c                DMA2_Stream4_IRQHandler
                0x0800175c                USART1_IRQHandler
                0x0800175c                OTG_FS_IRQHandler
                0x0800175c                SPI3_IRQHandler
                0x0800175c                DMA1_Stream4_IRQHandler
                0x0800175c                I2C1_ER_IRQHandler
                0x0800175c                FMC_IRQHandler
                0x0800175c                LPTIM1_IRQHandler
                0x0800175c                I2C4_ER_IRQHandler
                0x0800175c                DMA2_Stream6_IRQHandler
                0x0800175c                SAI1_IRQHandler
                0x0800175c                DMA1_Stream3_IRQHandler
 .text.xEventGroupCreateStatic
                0x0800175e       0x76 CMakeFiles/BSP.dir/Middlewares/Third_Party/FreeRTOS/Source/event_groups.c.obj
                0x0800175e                xEventGroupCreateStatic
 .text.xEventGroupCreate
                0x080017d4       0x34 CMakeFiles/BSP.dir/Middlewares/Third_Party/FreeRTOS/Source/event_groups.c.obj
                0x080017d4                xEventGroupCreate
 .text.xEventGroupWaitBits
                0x08001808      0x1ac CMakeFiles/BSP.dir/Middlewares/Third_Party/FreeRTOS/Source/event_groups.c.obj
                0x08001808                xEventGroupWaitBits
 .text.xEventGroupSetBits
                0x080019b4      0x11e CMakeFiles/BSP.dir/Middlewares/Third_Party/FreeRTOS/Source/event_groups.c.obj
                0x080019b4                xEventGroupSetBits
 .text.vEventGroupSetBitsCallback
                0x08001ad2       0x1a CMakeFiles/BSP.dir/Middlewares/Third_Party/FreeRTOS/Source/event_groups.c.obj
                0x08001ad2                vEventGroupSetBitsCallback
 .text.prvTestWaitCondition
                0x08001aec       0x44 CMakeFiles/BSP.dir/Middlewares/Third_Party/FreeRTOS/Source/event_groups.c.obj
 .text.xEventGroupSetBitsFromISR
                0x08001b30       0x28 CMakeFiles/BSP.dir/Middlewares/Third_Party/FreeRTOS/Source/event_groups.c.obj
                0x08001b30                xEventGroupSetBitsFromISR
 .text.vListInitialise
                0x08001b58       0x40 CMakeFiles/BSP.dir/Middlewares/Third_Party/FreeRTOS/Source/list.c.obj
                0x08001b58                vListInitialise
 .text.vListInitialiseItem
                0x08001b98       0x1a CMakeFiles/BSP.dir/Middlewares/Third_Party/FreeRTOS/Source/list.c.obj
                0x08001b98                vListInitialiseItem
 .text.vListInsertEnd
                0x08001bb2       0x48 CMakeFiles/BSP.dir/Middlewares/Third_Party/FreeRTOS/Source/list.c.obj
                0x08001bb2                vListInsertEnd
 .text.vListInsert
                0x08001bfa       0x72 CMakeFiles/BSP.dir/Middlewares/Third_Party/FreeRTOS/Source/list.c.obj
                0x08001bfa                vListInsert
 .text.uxListRemove
                0x08001c6c       0x54 CMakeFiles/BSP.dir/Middlewares/Third_Party/FreeRTOS/Source/list.c.obj
                0x08001c6c                uxListRemove
 .text.xQueueGenericReset
                0x08001cc0       0xd4 CMakeFiles/BSP.dir/Middlewares/Third_Party/FreeRTOS/Source/queue.c.obj
                0x08001cc0                xQueueGenericReset
 .text.xQueueGenericCreateStatic
                0x08001d94      0x104 CMakeFiles/BSP.dir/Middlewares/Third_Party/FreeRTOS/Source/queue.c.obj
                0x08001d94                xQueueGenericCreateStatic
 .text.xQueueGenericCreate
                0x08001e98       0x84 CMakeFiles/BSP.dir/Middlewares/Third_Party/FreeRTOS/Source/queue.c.obj
                0x08001e98                xQueueGenericCreate
 .text.prvInitialiseNewQueue
                0x08001f1c       0x46 CMakeFiles/BSP.dir/Middlewares/Third_Party/FreeRTOS/Source/queue.c.obj
 *fill*         0x08001f62        0x2 
 .text.xQueueGenericSend
                0x08001f64      0x20c CMakeFiles/BSP.dir/Middlewares/Third_Party/FreeRTOS/Source/queue.c.obj
                0x08001f64                xQueueGenericSend
 .text.xQueueGenericSendFromISR
                0x08002170      0x140 CMakeFiles/BSP.dir/Middlewares/Third_Party/FreeRTOS/Source/queue.c.obj
                0x08002170                xQueueGenericSendFromISR
 .text.xQueueReceive
                0x080022b0      0x1cc CMakeFiles/BSP.dir/Middlewares/Third_Party/FreeRTOS/Source/queue.c.obj
                0x080022b0                xQueueReceive
 .text.xQueueReceiveFromISR
                0x0800247c      0x10c CMakeFiles/BSP.dir/Middlewares/Third_Party/FreeRTOS/Source/queue.c.obj
                0x0800247c                xQueueReceiveFromISR
 .text.prvCopyDataToQueue
                0x08002588       0xd4 CMakeFiles/BSP.dir/Middlewares/Third_Party/FreeRTOS/Source/queue.c.obj
 .text.prvCopyDataFromQueue
                0x0800265c       0x4c CMakeFiles/BSP.dir/Middlewares/Third_Party/FreeRTOS/Source/queue.c.obj
 .text.prvUnlockQueue
                0x080026a8       0xa4 CMakeFiles/BSP.dir/Middlewares/Third_Party/FreeRTOS/Source/queue.c.obj
 .text.prvIsQueueEmpty
                0x0800274c       0x2c CMakeFiles/BSP.dir/Middlewares/Third_Party/FreeRTOS/Source/queue.c.obj
 .text.prvIsQueueFull
                0x08002778       0x30 CMakeFiles/BSP.dir/Middlewares/Third_Party/FreeRTOS/Source/queue.c.obj
 .text.vQueueAddToRegistry
                0x080027a8       0x54 CMakeFiles/BSP.dir/Middlewares/Third_Party/FreeRTOS/Source/queue.c.obj
                0x080027a8                vQueueAddToRegistry
 .text.vQueueWaitForMessageRestricted
                0x080027fc       0x68 CMakeFiles/BSP.dir/Middlewares/Third_Party/FreeRTOS/Source/queue.c.obj
                0x080027fc                vQueueWaitForMessageRestricted
 .text.xTaskCreateStatic
                0x08002864       0xca CMakeFiles/BSP.dir/Middlewares/Third_Party/FreeRTOS/Source/tasks.c.obj
                0x08002864                xTaskCreateStatic
 .text.xTaskCreate
                0x0800292e       0x8c CMakeFiles/BSP.dir/Middlewares/Third_Party/FreeRTOS/Source/tasks.c.obj
                0x0800292e                xTaskCreate
 .text.prvInitialiseNewTask
                0x080029ba      0x1a8 CMakeFiles/BSP.dir/Middlewares/Third_Party/FreeRTOS/Source/tasks.c.obj
 *fill*         0x08002b62        0x2 
 .text.prvAddNewTaskToReadyList
                0x08002b64       0xe0 CMakeFiles/BSP.dir/Middlewares/Third_Party/FreeRTOS/Source/tasks.c.obj
 .text.vTaskDelay
                0x08002c44       0x6c CMakeFiles/BSP.dir/Middlewares/Third_Party/FreeRTOS/Source/tasks.c.obj
                0x08002c44                vTaskDelay
 .text.vTaskStartScheduler
                0x08002cb0       0xec CMakeFiles/BSP.dir/Middlewares/Third_Party/FreeRTOS/Source/tasks.c.obj
                0x08002cb0                vTaskStartScheduler
 .text.vTaskSuspendAll
                0x08002d9c       0x1c CMakeFiles/BSP.dir/Middlewares/Third_Party/FreeRTOS/Source/tasks.c.obj
                0x08002d9c                vTaskSuspendAll
 .text.xTaskResumeAll
                0x08002db8      0x140 CMakeFiles/BSP.dir/Middlewares/Third_Party/FreeRTOS/Source/tasks.c.obj
                0x08002db8                xTaskResumeAll
 .text.xTaskGetTickCount
                0x08002ef8       0x20 CMakeFiles/BSP.dir/Middlewares/Third_Party/FreeRTOS/Source/tasks.c.obj
                0x08002ef8                xTaskGetTickCount
 .text.xTaskIncrementTick
                0x08002f18      0x178 CMakeFiles/BSP.dir/Middlewares/Third_Party/FreeRTOS/Source/tasks.c.obj
                0x08002f18                xTaskIncrementTick
 .text.vTaskSwitchContext
                0x08003090      0x104 CMakeFiles/BSP.dir/Middlewares/Third_Party/FreeRTOS/Source/tasks.c.obj
                0x08003090                vTaskSwitchContext
 .text.vTaskPlaceOnEventList
                0x08003194       0x4c CMakeFiles/BSP.dir/Middlewares/Third_Party/FreeRTOS/Source/tasks.c.obj
                0x08003194                vTaskPlaceOnEventList
 .text.vTaskPlaceOnUnorderedEventList
                0x080031e0       0x80 CMakeFiles/BSP.dir/Middlewares/Third_Party/FreeRTOS/Source/tasks.c.obj
                0x080031e0                vTaskPlaceOnUnorderedEventList
 .text.vTaskPlaceOnEventListRestricted
                0x08003260       0x5c CMakeFiles/BSP.dir/Middlewares/Third_Party/FreeRTOS/Source/tasks.c.obj
                0x08003260                vTaskPlaceOnEventListRestricted
 .text.xTaskRemoveFromEventList
                0x080032bc       0xcc CMakeFiles/BSP.dir/Middlewares/Third_Party/FreeRTOS/Source/tasks.c.obj
                0x080032bc                xTaskRemoveFromEventList
 .text.vTaskRemoveFromUnorderedEventList
                0x08003388       0xcc CMakeFiles/BSP.dir/Middlewares/Third_Party/FreeRTOS/Source/tasks.c.obj
                0x08003388                vTaskRemoveFromUnorderedEventList
 .text.vTaskInternalSetTimeOutState
                0x08003454       0x2c CMakeFiles/BSP.dir/Middlewares/Third_Party/FreeRTOS/Source/tasks.c.obj
                0x08003454                vTaskInternalSetTimeOutState
 .text.xTaskCheckForTimeOut
                0x08003480       0xcc CMakeFiles/BSP.dir/Middlewares/Third_Party/FreeRTOS/Source/tasks.c.obj
                0x08003480                xTaskCheckForTimeOut
 .text.vTaskMissedYield
                0x0800354c       0x18 CMakeFiles/BSP.dir/Middlewares/Third_Party/FreeRTOS/Source/tasks.c.obj
                0x0800354c                vTaskMissedYield
 .text.prvIdleTask
                0x08003564       0x30 CMakeFiles/BSP.dir/Middlewares/Third_Party/FreeRTOS/Source/tasks.c.obj
 .text.prvInitialiseTaskLists
                0x08003594       0x80 CMakeFiles/BSP.dir/Middlewares/Third_Party/FreeRTOS/Source/tasks.c.obj
 .text.prvCheckTasksWaitingTermination
                0x08003614       0x5c CMakeFiles/BSP.dir/Middlewares/Third_Party/FreeRTOS/Source/tasks.c.obj
 .text.prvDeleteTCB
                0x08003670       0x6c CMakeFiles/BSP.dir/Middlewares/Third_Party/FreeRTOS/Source/tasks.c.obj
 .text.prvResetNextTaskUnblockTime
                0x080036dc       0x40 CMakeFiles/BSP.dir/Middlewares/Third_Party/FreeRTOS/Source/tasks.c.obj
 .text.xTaskGetSchedulerState
                0x0800371c       0x3c CMakeFiles/BSP.dir/Middlewares/Third_Party/FreeRTOS/Source/tasks.c.obj
                0x0800371c                xTaskGetSchedulerState
 .text.xTaskPriorityDisinherit
                0x08003758       0xe4 CMakeFiles/BSP.dir/Middlewares/Third_Party/FreeRTOS/Source/tasks.c.obj
                0x08003758                xTaskPriorityDisinherit
 .text.uxTaskResetEventItemValue
                0x0800383c       0x30 CMakeFiles/BSP.dir/Middlewares/Third_Party/FreeRTOS/Source/tasks.c.obj
                0x0800383c                uxTaskResetEventItemValue
 .text.prvAddCurrentTaskToDelayedList
                0x0800386c       0xa8 CMakeFiles/BSP.dir/Middlewares/Third_Party/FreeRTOS/Source/tasks.c.obj
 .text.xTimerCreateTimerTask
                0x08003914       0x94 CMakeFiles/BSP.dir/Middlewares/Third_Party/FreeRTOS/Source/timers.c.obj
                0x08003914                xTimerCreateTimerTask
 .text.xTimerGenericCommand
                0x080039a8       0xa0 CMakeFiles/BSP.dir/Middlewares/Third_Party/FreeRTOS/Source/timers.c.obj
                0x080039a8                xTimerGenericCommand
 .text.prvProcessExpiredTimer
                0x08003a48       0x9c CMakeFiles/BSP.dir/Middlewares/Third_Party/FreeRTOS/Source/timers.c.obj
 .text.prvTimerTask
                0x08003ae4       0x24 CMakeFiles/BSP.dir/Middlewares/Third_Party/FreeRTOS/Source/timers.c.obj
 .text.prvProcessTimerOrBlockTask
                0x08003b08       0x9c CMakeFiles/BSP.dir/Middlewares/Third_Party/FreeRTOS/Source/timers.c.obj
 .text.prvGetNextExpireTime
                0x08003ba4       0x48 CMakeFiles/BSP.dir/Middlewares/Third_Party/FreeRTOS/Source/timers.c.obj
 .text.prvSampleTimeNow
                0x08003bec       0x40 CMakeFiles/BSP.dir/Middlewares/Third_Party/FreeRTOS/Source/timers.c.obj
 .text.prvInsertTimerInActiveList
                0x08003c2c       0x84 CMakeFiles/BSP.dir/Middlewares/Third_Party/FreeRTOS/Source/timers.c.obj
 .text.prvProcessReceivedCommands
                0x08003cb0      0x1d0 CMakeFiles/BSP.dir/Middlewares/Third_Party/FreeRTOS/Source/timers.c.obj
 .text.prvSwitchTimerLists
                0x08003e80       0xcc CMakeFiles/BSP.dir/Middlewares/Third_Party/FreeRTOS/Source/timers.c.obj
 .text.prvCheckForValidListAndQueue
                0x08003f4c       0x80 CMakeFiles/BSP.dir/Middlewares/Third_Party/FreeRTOS/Source/timers.c.obj
 .text.xTimerPendFunctionCallFromISR
                0x08003fcc       0x40 CMakeFiles/BSP.dir/Middlewares/Third_Party/FreeRTOS/Source/timers.c.obj
                0x08003fcc                xTimerPendFunctionCallFromISR
 .text.SVC_Setup
                0x0800400c        0xe CMakeFiles/BSP.dir/Middlewares/Third_Party/FreeRTOS/Source/CMSIS_RTOS_V2/cmsis_os2.c.obj
 *fill*         0x0800401a        0x2 
 .text.osKernelInitialize
                0x0800401c       0x68 CMakeFiles/BSP.dir/Middlewares/Third_Party/FreeRTOS/Source/CMSIS_RTOS_V2/cmsis_os2.c.obj
                0x0800401c                osKernelInitialize
 .text.osKernelStart
                0x08004084       0x6c CMakeFiles/BSP.dir/Middlewares/Third_Party/FreeRTOS/Source/CMSIS_RTOS_V2/cmsis_os2.c.obj
                0x08004084                osKernelStart
 .text.osThreadNew
                0x080040f0      0x14c CMakeFiles/BSP.dir/Middlewares/Third_Party/FreeRTOS/Source/CMSIS_RTOS_V2/cmsis_os2.c.obj
                0x080040f0                osThreadNew
 .text.osDelay  0x0800423c       0x5c CMakeFiles/BSP.dir/Middlewares/Third_Party/FreeRTOS/Source/CMSIS_RTOS_V2/cmsis_os2.c.obj
                0x0800423c                osDelay
 .text.osEventFlagsNew
                0x08004298       0xa4 CMakeFiles/BSP.dir/Middlewares/Third_Party/FreeRTOS/Source/CMSIS_RTOS_V2/cmsis_os2.c.obj
                0x08004298                osEventFlagsNew
 .text.osEventFlagsSet
                0x0800433c       0xb0 CMakeFiles/BSP.dir/Middlewares/Third_Party/FreeRTOS/Source/CMSIS_RTOS_V2/cmsis_os2.c.obj
                0x0800433c                osEventFlagsSet
 .text.osEventFlagsWait
                0x080043ec       0xec CMakeFiles/BSP.dir/Middlewares/Third_Party/FreeRTOS/Source/CMSIS_RTOS_V2/cmsis_os2.c.obj
                0x080043ec                osEventFlagsWait
 .text.osMessageQueueNew
                0x080044d8      0x10c CMakeFiles/BSP.dir/Middlewares/Third_Party/FreeRTOS/Source/CMSIS_RTOS_V2/cmsis_os2.c.obj
                0x080044d8                osMessageQueueNew
 .text.osMessageQueuePut
                0x080045e4       0xe8 CMakeFiles/BSP.dir/Middlewares/Third_Party/FreeRTOS/Source/CMSIS_RTOS_V2/cmsis_os2.c.obj
                0x080045e4                osMessageQueuePut
 .text.osMessageQueueGet
                0x080046cc       0xe4 CMakeFiles/BSP.dir/Middlewares/Third_Party/FreeRTOS/Source/CMSIS_RTOS_V2/cmsis_os2.c.obj
                0x080046cc                osMessageQueueGet
 .text.vApplicationGetIdleTaskMemory
                0x080047b0       0x34 CMakeFiles/BSP.dir/Middlewares/Third_Party/FreeRTOS/Source/CMSIS_RTOS_V2/cmsis_os2.c.obj
                0x080047b0                vApplicationGetIdleTaskMemory
 .text.vApplicationGetTimerTaskMemory
                0x080047e4       0x34 CMakeFiles/BSP.dir/Middlewares/Third_Party/FreeRTOS/Source/CMSIS_RTOS_V2/cmsis_os2.c.obj
                0x080047e4                vApplicationGetTimerTaskMemory
 .text.pxPortInitialiseStack
                0x08004818       0x68 CMakeFiles/BSP.dir/Middlewares/Third_Party/FreeRTOS/Source/portable/GCC/ARM_CM7/r0p1/port.c.obj
                0x08004818                pxPortInitialiseStack
 .text.prvTaskExitError
                0x08004880       0x60 CMakeFiles/BSP.dir/Middlewares/Third_Party/FreeRTOS/Source/portable/GCC/ARM_CM7/r0p1/port.c.obj
 .text.SVC_Handler
                0x080048e0       0x28 CMakeFiles/BSP.dir/Middlewares/Third_Party/FreeRTOS/Source/portable/GCC/ARM_CM7/r0p1/port.c.obj
                0x080048e0                SVC_Handler
 .text.prvPortStartFirstTask
                0x08004908       0x28 CMakeFiles/BSP.dir/Middlewares/Third_Party/FreeRTOS/Source/portable/GCC/ARM_CM7/r0p1/port.c.obj
 .text.xPortStartScheduler
                0x08004930       0xfc CMakeFiles/BSP.dir/Middlewares/Third_Party/FreeRTOS/Source/portable/GCC/ARM_CM7/r0p1/port.c.obj
                0x08004930                xPortStartScheduler
 .text.vPortEnterCritical
                0x08004a2c       0x68 CMakeFiles/BSP.dir/Middlewares/Third_Party/FreeRTOS/Source/portable/GCC/ARM_CM7/r0p1/port.c.obj
                0x08004a2c                vPortEnterCritical
 .text.vPortExitCritical
                0x08004a94       0x58 CMakeFiles/BSP.dir/Middlewares/Third_Party/FreeRTOS/Source/portable/GCC/ARM_CM7/r0p1/port.c.obj
                0x08004a94                vPortExitCritical
 *fill*         0x08004aec        0x4 
 .text.PendSV_Handler
                0x08004af0       0x68 CMakeFiles/BSP.dir/Middlewares/Third_Party/FreeRTOS/Source/portable/GCC/ARM_CM7/r0p1/port.c.obj
                0x08004af0                PendSV_Handler
 .text.SysTick_Handler
                0x08004b58       0x48 CMakeFiles/BSP.dir/Middlewares/Third_Party/FreeRTOS/Source/portable/GCC/ARM_CM7/r0p1/port.c.obj
                0x08004b58                SysTick_Handler
 .text.vPortSetupTimerInterrupt
                0x08004ba0       0x48 CMakeFiles/BSP.dir/Middlewares/Third_Party/FreeRTOS/Source/portable/GCC/ARM_CM7/r0p1/port.c.obj
                0x08004ba0                vPortSetupTimerInterrupt
 .text.vPortEnableVFP
                0x08004be8       0x14 CMakeFiles/BSP.dir/Middlewares/Third_Party/FreeRTOS/Source/portable/GCC/ARM_CM7/r0p1/port.c.obj
 .text.vPortValidateInterruptPriority
                0x08004bfc       0x88 CMakeFiles/BSP.dir/Middlewares/Third_Party/FreeRTOS/Source/portable/GCC/ARM_CM7/r0p1/port.c.obj
                0x08004bfc                vPortValidateInterruptPriority
 .text.pvPortMalloc
                0x08004c84      0x194 CMakeFiles/BSP.dir/Middlewares/Third_Party/FreeRTOS/Source/portable/MemMang/heap_4.c.obj
                0x08004c84                pvPortMalloc
 .text.vPortFree
                0x08004e18       0xbc CMakeFiles/BSP.dir/Middlewares/Third_Party/FreeRTOS/Source/portable/MemMang/heap_4.c.obj
                0x08004e18                vPortFree
 .text.prvHeapInit
                0x08004ed4       0xc4 CMakeFiles/BSP.dir/Middlewares/Third_Party/FreeRTOS/Source/portable/MemMang/heap_4.c.obj
 .text.prvInsertBlockIntoFreeList
                0x08004f98       0xb4 CMakeFiles/BSP.dir/Middlewares/Third_Party/FreeRTOS/Source/portable/MemMang/heap_4.c.obj
 .text.HAL_Init
                0x0800504c       0x1a CMakeFiles/BSP.dir/Drivers/STM32F7xx_HAL_Driver/Src/stm32f7xx_hal.c.obj
                0x0800504c                HAL_Init
 *fill*         0x08005066        0x2 
 .text.HAL_IncTick
                0x08005068       0x28 CMakeFiles/BSP.dir/Drivers/STM32F7xx_HAL_Driver/Src/stm32f7xx_hal.c.obj
                0x08005068                HAL_IncTick
 .text.HAL_GetTick
                0x08005090       0x18 CMakeFiles/BSP.dir/Drivers/STM32F7xx_HAL_Driver/Src/stm32f7xx_hal.c.obj
                0x08005090                HAL_GetTick
 .text.HAL_Delay
                0x080050a8       0x48 CMakeFiles/BSP.dir/Drivers/STM32F7xx_HAL_Driver/Src/stm32f7xx_hal.c.obj
                0x080050a8                HAL_Delay
 .text.HAL_ADC_Init
                0x080050f0       0x88 CMakeFiles/BSP.dir/Drivers/STM32F7xx_HAL_Driver/Src/stm32f7xx_hal_adc.c.obj
                0x080050f0                HAL_ADC_Init
 .text.HAL_ADC_Start
                0x08005178      0x19c CMakeFiles/BSP.dir/Drivers/STM32F7xx_HAL_Driver/Src/stm32f7xx_hal_adc.c.obj
                0x08005178                HAL_ADC_Start
 .text.HAL_ADC_GetValue
                0x08005314       0x1a CMakeFiles/BSP.dir/Drivers/STM32F7xx_HAL_Driver/Src/stm32f7xx_hal_adc.c.obj
                0x08005314                HAL_ADC_GetValue
 *fill*         0x0800532e        0x2 
 .text.HAL_ADC_ConfigChannel
                0x08005330      0x2ac CMakeFiles/BSP.dir/Drivers/STM32F7xx_HAL_Driver/Src/stm32f7xx_hal_adc.c.obj
                0x08005330                HAL_ADC_ConfigChannel
 .text.ADC_Init
                0x080055dc      0x1f4 CMakeFiles/BSP.dir/Drivers/STM32F7xx_HAL_Driver/Src/stm32f7xx_hal_adc.c.obj
 .text.__NVIC_SetPriorityGrouping
                0x080057d0       0x48 CMakeFiles/BSP.dir/Drivers/STM32F7xx_HAL_Driver/Src/stm32f7xx_hal_cortex.c.obj
 .text.__NVIC_GetPriorityGrouping
                0x08005818       0x1c CMakeFiles/BSP.dir/Drivers/STM32F7xx_HAL_Driver/Src/stm32f7xx_hal_cortex.c.obj
 .text.__NVIC_EnableIRQ
                0x08005834       0x3c CMakeFiles/BSP.dir/Drivers/STM32F7xx_HAL_Driver/Src/stm32f7xx_hal_cortex.c.obj
 .text.__NVIC_SetPriority
                0x08005870       0x54 CMakeFiles/BSP.dir/Drivers/STM32F7xx_HAL_Driver/Src/stm32f7xx_hal_cortex.c.obj
 .text.NVIC_EncodePriority
                0x080058c4       0x66 CMakeFiles/BSP.dir/Drivers/STM32F7xx_HAL_Driver/Src/stm32f7xx_hal_cortex.c.obj
 .text.HAL_NVIC_SetPriorityGrouping
                0x0800592a       0x16 CMakeFiles/BSP.dir/Drivers/STM32F7xx_HAL_Driver/Src/stm32f7xx_hal_cortex.c.obj
                0x0800592a                HAL_NVIC_SetPriorityGrouping
 .text.HAL_NVIC_SetPriority
                0x08005940       0x38 CMakeFiles/BSP.dir/Drivers/STM32F7xx_HAL_Driver/Src/stm32f7xx_hal_cortex.c.obj
                0x08005940                HAL_NVIC_SetPriority
 .text.HAL_NVIC_EnableIRQ
                0x08005978       0x1c CMakeFiles/BSP.dir/Drivers/STM32F7xx_HAL_Driver/Src/stm32f7xx_hal_cortex.c.obj
                0x08005978                HAL_NVIC_EnableIRQ
 .text.HAL_GPIO_Init
                0x08005994      0x358 CMakeFiles/BSP.dir/Drivers/STM32F7xx_HAL_Driver/Src/stm32f7xx_hal_gpio.c.obj
                0x08005994                HAL_GPIO_Init
 .text.HAL_GPIO_ReadPin
                0x08005cec       0x30 CMakeFiles/BSP.dir/Drivers/STM32F7xx_HAL_Driver/Src/stm32f7xx_hal_gpio.c.obj
                0x08005cec                HAL_GPIO_ReadPin
 .text.HAL_GPIO_WritePin
                0x08005d1c       0x32 CMakeFiles/BSP.dir/Drivers/STM32F7xx_HAL_Driver/Src/stm32f7xx_hal_gpio.c.obj
                0x08005d1c                HAL_GPIO_WritePin
 .text.HAL_GPIO_TogglePin
                0x08005d4e       0x34 CMakeFiles/BSP.dir/Drivers/STM32F7xx_HAL_Driver/Src/stm32f7xx_hal_gpio.c.obj
                0x08005d4e                HAL_GPIO_TogglePin
 *fill*         0x08005d82        0x2 
 .text.HAL_GPIO_EXTI_IRQHandler
                0x08005d84       0x30 CMakeFiles/BSP.dir/Drivers/STM32F7xx_HAL_Driver/Src/stm32f7xx_hal_gpio.c.obj
                0x08005d84                HAL_GPIO_EXTI_IRQHandler
 .text.HAL_PCD_Init
                0x08005db4      0x248 CMakeFiles/BSP.dir/Drivers/STM32F7xx_HAL_Driver/Src/stm32f7xx_hal_pcd.c.obj
                0x08005db4                HAL_PCD_Init
 .text.HAL_PCDEx_ActivateLPM
                0x08005ffc       0x48 CMakeFiles/BSP.dir/Drivers/STM32F7xx_HAL_Driver/Src/stm32f7xx_hal_pcd_ex.c.obj
                0x08005ffc                HAL_PCDEx_ActivateLPM
 .text.HAL_PWR_EnableBkUpAccess
                0x08006044       0x20 CMakeFiles/BSP.dir/Drivers/STM32F7xx_HAL_Driver/Src/stm32f7xx_hal_pwr.c.obj
                0x08006044                HAL_PWR_EnableBkUpAccess
 .text.HAL_RCC_OscConfig
                0x08006064      0x55c CMakeFiles/BSP.dir/Drivers/STM32F7xx_HAL_Driver/Src/stm32f7xx_hal_rcc.c.obj
                0x08006064                HAL_RCC_OscConfig
 .text.HAL_RCC_ClockConfig
                0x080065c0      0x1d8 CMakeFiles/BSP.dir/Drivers/STM32F7xx_HAL_Driver/Src/stm32f7xx_hal_rcc.c.obj
                0x080065c0                HAL_RCC_ClockConfig
 .text.HAL_RCC_GetSysClockFreq
                0x08006798      0x18c CMakeFiles/BSP.dir/Drivers/STM32F7xx_HAL_Driver/Src/stm32f7xx_hal_rcc.c.obj
                0x08006798                HAL_RCC_GetSysClockFreq
 .text.HAL_RCC_GetHCLKFreq
                0x08006924       0x18 CMakeFiles/BSP.dir/Drivers/STM32F7xx_HAL_Driver/Src/stm32f7xx_hal_rcc.c.obj
                0x08006924                HAL_RCC_GetHCLKFreq
 .text.HAL_RCC_GetPCLK1Freq
                0x0800693c       0x28 CMakeFiles/BSP.dir/Drivers/STM32F7xx_HAL_Driver/Src/stm32f7xx_hal_rcc.c.obj
                0x0800693c                HAL_RCC_GetPCLK1Freq
 .text.HAL_RCC_GetPCLK2Freq
                0x08006964       0x28 CMakeFiles/BSP.dir/Drivers/STM32F7xx_HAL_Driver/Src/stm32f7xx_hal_rcc.c.obj
                0x08006964                HAL_RCC_GetPCLK2Freq
 .text.HAL_RCC_GetClockConfig
                0x0800698c       0x64 CMakeFiles/BSP.dir/Drivers/STM32F7xx_HAL_Driver/Src/stm32f7xx_hal_rcc.c.obj
                0x0800698c                HAL_RCC_GetClockConfig
 .text.HAL_RCCEx_PeriphCLKConfig
                0x080069f0      0x850 CMakeFiles/BSP.dir/Drivers/STM32F7xx_HAL_Driver/Src/stm32f7xx_hal_rcc_ex.c.obj
                0x080069f0                HAL_RCCEx_PeriphCLKConfig
 .text.HAL_TIM_Base_Init
                0x08007240       0xae CMakeFiles/BSP.dir/Drivers/STM32F7xx_HAL_Driver/Src/stm32f7xx_hal_tim.c.obj
                0x08007240                HAL_TIM_Base_Init
 *fill*         0x080072ee        0x2 
 .text.HAL_TIM_Base_Start_IT
                0x080072f0       0xf0 CMakeFiles/BSP.dir/Drivers/STM32F7xx_HAL_Driver/Src/stm32f7xx_hal_tim.c.obj
                0x080072f0                HAL_TIM_Base_Start_IT
 .text.HAL_TIM_PWM_Init
                0x080073e0       0xae CMakeFiles/BSP.dir/Drivers/STM32F7xx_HAL_Driver/Src/stm32f7xx_hal_tim.c.obj
                0x080073e0                HAL_TIM_PWM_Init
 .text.HAL_TIM_PWM_MspInit
                0x0800748e       0x14 CMakeFiles/BSP.dir/Drivers/STM32F7xx_HAL_Driver/Src/stm32f7xx_hal_tim.c.obj
                0x0800748e                HAL_TIM_PWM_MspInit
 *fill*         0x080074a2        0x2 
 .text.HAL_TIM_PWM_Start
                0x080074a4      0x1f4 CMakeFiles/BSP.dir/Drivers/STM32F7xx_HAL_Driver/Src/stm32f7xx_hal_tim.c.obj
                0x080074a4                HAL_TIM_PWM_Start
 .text.HAL_TIM_IRQHandler
                0x08007698      0x23e CMakeFiles/BSP.dir/Drivers/STM32F7xx_HAL_Driver/Src/stm32f7xx_hal_tim.c.obj
                0x08007698                HAL_TIM_IRQHandler
 *fill*         0x080078d6        0x2 
 .text.HAL_TIM_PWM_ConfigChannel
                0x080078d8      0x228 CMakeFiles/BSP.dir/Drivers/STM32F7xx_HAL_Driver/Src/stm32f7xx_hal_tim.c.obj
                0x080078d8                HAL_TIM_PWM_ConfigChannel
 .text.HAL_TIM_OC_DelayElapsedCallback
                0x08007b00       0x14 CMakeFiles/BSP.dir/Drivers/STM32F7xx_HAL_Driver/Src/stm32f7xx_hal_tim.c.obj
                0x08007b00                HAL_TIM_OC_DelayElapsedCallback
 .text.HAL_TIM_IC_CaptureCallback
                0x08007b14       0x14 CMakeFiles/BSP.dir/Drivers/STM32F7xx_HAL_Driver/Src/stm32f7xx_hal_tim.c.obj
                0x08007b14                HAL_TIM_IC_CaptureCallback
 .text.HAL_TIM_PWM_PulseFinishedCallback
                0x08007b28       0x14 CMakeFiles/BSP.dir/Drivers/STM32F7xx_HAL_Driver/Src/stm32f7xx_hal_tim.c.obj
                0x08007b28                HAL_TIM_PWM_PulseFinishedCallback
 .text.HAL_TIM_TriggerCallback
                0x08007b3c       0x14 CMakeFiles/BSP.dir/Drivers/STM32F7xx_HAL_Driver/Src/stm32f7xx_hal_tim.c.obj
                0x08007b3c                HAL_TIM_TriggerCallback
 .text.TIM_Base_SetConfig
                0x08007b50      0x140 CMakeFiles/BSP.dir/Drivers/STM32F7xx_HAL_Driver/Src/stm32f7xx_hal_tim.c.obj
                0x08007b50                TIM_Base_SetConfig
 .text.TIM_OC1_SetConfig
                0x08007c90       0xe4 CMakeFiles/BSP.dir/Drivers/STM32F7xx_HAL_Driver/Src/stm32f7xx_hal_tim.c.obj
 .text.TIM_OC2_SetConfig
                0x08007d74       0xf0 CMakeFiles/BSP.dir/Drivers/STM32F7xx_HAL_Driver/Src/stm32f7xx_hal_tim.c.obj
                0x08007d74                TIM_OC2_SetConfig
 .text.TIM_OC3_SetConfig
                0x08007e64       0xec CMakeFiles/BSP.dir/Drivers/STM32F7xx_HAL_Driver/Src/stm32f7xx_hal_tim.c.obj
 .text.TIM_OC4_SetConfig
                0x08007f50       0xb0 CMakeFiles/BSP.dir/Drivers/STM32F7xx_HAL_Driver/Src/stm32f7xx_hal_tim.c.obj
 .text.TIM_OC5_SetConfig
                0x08008000       0xa4 CMakeFiles/BSP.dir/Drivers/STM32F7xx_HAL_Driver/Src/stm32f7xx_hal_tim.c.obj
 .text.TIM_OC6_SetConfig
                0x080080a4       0xa8 CMakeFiles/BSP.dir/Drivers/STM32F7xx_HAL_Driver/Src/stm32f7xx_hal_tim.c.obj
 .text.TIM_CCxChannelCmd
                0x0800814c       0x4a CMakeFiles/BSP.dir/Drivers/STM32F7xx_HAL_Driver/Src/stm32f7xx_hal_tim.c.obj
                0x0800814c                TIM_CCxChannelCmd
 .text.HAL_TIMEx_CommutCallback
                0x08008196       0x14 CMakeFiles/BSP.dir/Drivers/STM32F7xx_HAL_Driver/Src/stm32f7xx_hal_tim_ex.c.obj
                0x08008196                HAL_TIMEx_CommutCallback
 .text.HAL_TIMEx_BreakCallback
                0x080081aa       0x14 CMakeFiles/BSP.dir/Drivers/STM32F7xx_HAL_Driver/Src/stm32f7xx_hal_tim_ex.c.obj
                0x080081aa                HAL_TIMEx_BreakCallback
 .text.HAL_TIMEx_Break2Callback
                0x080081be       0x14 CMakeFiles/BSP.dir/Drivers/STM32F7xx_HAL_Driver/Src/stm32f7xx_hal_tim_ex.c.obj
                0x080081be                HAL_TIMEx_Break2Callback
 .text.HAL_UART_Init
                0x080081d2       0x9c CMakeFiles/BSP.dir/Drivers/STM32F7xx_HAL_Driver/Src/stm32f7xx_hal_uart.c.obj
                0x080081d2                HAL_UART_Init
 .text.HAL_UART_Transmit
                0x0800826e      0x106 CMakeFiles/BSP.dir/Drivers/STM32F7xx_HAL_Driver/Src/stm32f7xx_hal_uart.c.obj
                0x0800826e                HAL_UART_Transmit
 .text.UART_SetConfig
                0x08008374      0x4c8 CMakeFiles/BSP.dir/Drivers/STM32F7xx_HAL_Driver/Src/stm32f7xx_hal_uart.c.obj
                0x08008374                UART_SetConfig
 .text.UART_AdvFeatureConfig
                0x0800883c      0x144 CMakeFiles/BSP.dir/Drivers/STM32F7xx_HAL_Driver/Src/stm32f7xx_hal_uart.c.obj
                0x0800883c                UART_AdvFeatureConfig
 .text.UART_CheckIdleState
                0x08008980       0x9a CMakeFiles/BSP.dir/Drivers/STM32F7xx_HAL_Driver/Src/stm32f7xx_hal_uart.c.obj
                0x08008980                UART_CheckIdleState
 .text.UART_WaitOnFlagUntilTimeout
                0x08008a1a      0x18c CMakeFiles/BSP.dir/Drivers/STM32F7xx_HAL_Driver/Src/stm32f7xx_hal_uart.c.obj
                0x08008a1a                UART_WaitOnFlagUntilTimeout
 *fill*         0x08008ba6        0x2 
 .text.USB_CoreInit
                0x08008ba8       0xb0 CMakeFiles/BSP.dir/Drivers/STM32F7xx_HAL_Driver/Src/stm32f7xx_ll_usb.c.obj
                0x08008ba8                USB_CoreInit
 .text.USB_DisableGlobalInt
                0x08008c58       0x22 CMakeFiles/BSP.dir/Drivers/STM32F7xx_HAL_Driver/Src/stm32f7xx_ll_usb.c.obj
                0x08008c58                USB_DisableGlobalInt
 .text.USB_SetCurrentMode
                0x08008c7a       0x98 CMakeFiles/BSP.dir/Drivers/STM32F7xx_HAL_Driver/Src/stm32f7xx_ll_usb.c.obj
                0x08008c7a                USB_SetCurrentMode
 *fill*         0x08008d12        0x2 
 .text.USB_DevInit
                0x08008d14      0x2bc CMakeFiles/BSP.dir/Drivers/STM32F7xx_HAL_Driver/Src/stm32f7xx_ll_usb.c.obj
                0x08008d14                USB_DevInit
 .text.USB_FlushTxFifo
                0x08008fd0       0x68 CMakeFiles/BSP.dir/Drivers/STM32F7xx_HAL_Driver/Src/stm32f7xx_ll_usb.c.obj
                0x08008fd0                USB_FlushTxFifo
 .text.USB_FlushRxFifo
                0x08009038       0x60 CMakeFiles/BSP.dir/Drivers/STM32F7xx_HAL_Driver/Src/stm32f7xx_ll_usb.c.obj
                0x08009038                USB_FlushRxFifo
 .text.USB_SetDevSpeed
                0x08009098       0x32 CMakeFiles/BSP.dir/Drivers/STM32F7xx_HAL_Driver/Src/stm32f7xx_ll_usb.c.obj
                0x08009098                USB_SetDevSpeed
 .text.USB_DevDisconnect
                0x080090ca       0x42 CMakeFiles/BSP.dir/Drivers/STM32F7xx_HAL_Driver/Src/stm32f7xx_ll_usb.c.obj
                0x080090ca                USB_DevDisconnect
 .text.USB_GetMode
                0x0800910c       0x1c CMakeFiles/BSP.dir/Drivers/STM32F7xx_HAL_Driver/Src/stm32f7xx_ll_usb.c.obj
                0x0800910c                USB_GetMode
 .text.USB_CoreReset
                0x08009128       0x68 CMakeFiles/BSP.dir/Drivers/STM32F7xx_HAL_Driver/Src/stm32f7xx_ll_usb.c.obj
 .text.__libc_init_array
                0x08009190       0x48 c:/sysgcc/arm-eabi/bin/../lib/gcc/arm-none-eabi/10.3.1/../../../../arm-none-eabi/lib/thumb/v7e-m+dp/hard\libg.a(lib_a-init.o)
                0x08009190                __libc_init_array
 .text.itoa     0x080091d8       0x2c c:/sysgcc/arm-eabi/bin/../lib/gcc/arm-none-eabi/10.3.1/../../../../arm-none-eabi/lib/thumb/v7e-m+dp/hard\libg.a(lib_a-itoa.o)
                0x080091d8                itoa
 .text.memset   0x08009204       0xa4 c:/sysgcc/arm-eabi/bin/../lib/gcc/arm-none-eabi/10.3.1/../../../../arm-none-eabi/lib/thumb/v7e-m+dp/hard\libg.a(lib_a-memset.o)
                0x08009204                memset
 .text.cleanup_glue
                0x080092a8       0x48 c:/sysgcc/arm-eabi/bin/../lib/gcc/arm-none-eabi/10.3.1/../../../../arm-none-eabi/lib/thumb/v7e-m+dp/hard\libg.a(lib_a-reent.o)
                0x080092a8                cleanup_glue
 .text._reclaim_reent
                0x080092f0       0x90 c:/sysgcc/arm-eabi/bin/../lib/gcc/arm-none-eabi/10.3.1/../../../../arm-none-eabi/lib/thumb/v7e-m+dp/hard\libg.a(lib_a-reent.o)
                0x080092f0                _reclaim_reent
 .text.strcpy   0x08009380       0xbc c:/sysgcc/arm-eabi/bin/../lib/gcc/arm-none-eabi/10.3.1/../../../../arm-none-eabi/lib/thumb/v7e-m+dp/hard\libg.a(lib_a-strcpy.o)
                0x08009380                strcpy
 .text.__utoa   0x0800943c       0x9c c:/sysgcc/arm-eabi/bin/../lib/gcc/arm-none-eabi/10.3.1/../../../../arm-none-eabi/lib/thumb/v7e-m+dp/hard\libg.a(lib_a-utoa.o)
                0x0800943c                __utoa
 .text.startup.register_fini
                0x080094d8       0x14 c:/sysgcc/arm-eabi/bin/../lib/gcc/arm-none-eabi/10.3.1/../../../../arm-none-eabi/lib/thumb/v7e-m+dp/hard\libg.a(lib_a-__call_atexit.o)
 .text.atexit   0x080094ec        0xc c:/sysgcc/arm-eabi/bin/../lib/gcc/arm-none-eabi/10.3.1/../../../../arm-none-eabi/lib/thumb/v7e-m+dp/hard\libg.a(lib_a-atexit.o)
                0x080094ec                atexit
 .text.__libc_fini_array
                0x080094f8       0x2c c:/sysgcc/arm-eabi/bin/../lib/gcc/arm-none-eabi/10.3.1/../../../../arm-none-eabi/lib/thumb/v7e-m+dp/hard\libg.a(lib_a-fini.o)
                0x080094f8                __libc_fini_array
 .text._malloc_trim_r
                0x08009524       0xa0 c:/sysgcc/arm-eabi/bin/../lib/gcc/arm-none-eabi/10.3.1/../../../../arm-none-eabi/lib/thumb/v7e-m+dp/hard\libg.a(lib_a-freer.o)
                0x08009524                _malloc_trim_r
 .text._free_r  0x080095c4      0x20c c:/sysgcc/arm-eabi/bin/../lib/gcc/arm-none-eabi/10.3.1/../../../../arm-none-eabi/lib/thumb/v7e-m+dp/hard\libg.a(lib_a-freer.o)
                0x080095c4                _free_r
 .text.__retarget_lock_acquire_recursive
                0x080097d0        0x4 c:/sysgcc/arm-eabi/bin/../lib/gcc/arm-none-eabi/10.3.1/../../../../arm-none-eabi/lib/thumb/v7e-m+dp/hard\libg.a(lib_a-lock.o)
                0x080097d0                __retarget_lock_acquire_recursive
 .text.__retarget_lock_release_recursive
                0x080097d4        0x4 c:/sysgcc/arm-eabi/bin/../lib/gcc/arm-none-eabi/10.3.1/../../../../arm-none-eabi/lib/thumb/v7e-m+dp/hard\libg.a(lib_a-lock.o)
                0x080097d4                __retarget_lock_release_recursive
 .text.__malloc_lock
                0x080097d8        0xc c:/sysgcc/arm-eabi/bin/../lib/gcc/arm-none-eabi/10.3.1/../../../../arm-none-eabi/lib/thumb/v7e-m+dp/hard\libg.a(lib_a-mlock.o)
                0x080097d8                __malloc_lock
 .text.__malloc_unlock
                0x080097e4        0xc c:/sysgcc/arm-eabi/bin/../lib/gcc/arm-none-eabi/10.3.1/../../../../arm-none-eabi/lib/thumb/v7e-m+dp/hard\libg.a(lib_a-mlock.o)
                0x080097e4                __malloc_unlock
 .text._sbrk_r  0x080097f0       0x24 c:/sysgcc/arm-eabi/bin/../lib/gcc/arm-none-eabi/10.3.1/../../../../arm-none-eabi/lib/thumb/v7e-m+dp/hard\libg.a(lib_a-sbrkr.o)
                0x080097f0                _sbrk_r
 .text.__register_exitproc
                0x08009814       0x8c c:/sysgcc/arm-eabi/bin/../lib/gcc/arm-none-eabi/10.3.1/../../../../arm-none-eabi/lib/thumb/v7e-m+dp/hard\libg.a(lib_a-__atexit.o)
                0x08009814                __register_exitproc
 .text.__errno  0x080098a0        0xc c:/sysgcc/arm-eabi/bin/../lib/gcc/arm-none-eabi/10.3.1/../../../../arm-none-eabi/lib/thumb/v7e-m+dp/hard\libg.a(lib_a-errno.o)
                0x080098a0                __errno
 .text._sbrk    0x080098ac       0x48 c:/sysgcc/arm-eabi/bin/../lib/gcc/arm-none-eabi/10.3.1/../../../../arm-none-eabi/lib/thumb/v7e-m+dp/hard\librdimon.a(rdimon-syscalls.o)
                0x080098ac                _sbrk
 *(.glue_7)
 .glue_7        0x080098f4        0x0 linker stubs
 *(.glue_7t)
 .glue_7t       0x080098f4        0x0 linker stubs
 *(.eh_frame)
 .eh_frame      0x080098f4        0x0 c:/sysgcc/arm-eabi/bin/../lib/gcc/arm-none-eabi/10.3.1/thumb/v7e-m+dp/hard/crtbegin.o
 *(.init)
 .init          0x080098f4        0x4 c:/sysgcc/arm-eabi/bin/../lib/gcc/arm-none-eabi/10.3.1/thumb/v7e-m+dp/hard/crti.o
                0x080098f4                _init
 .init          0x080098f8        0x8 c:/sysgcc/arm-eabi/bin/../lib/gcc/arm-none-eabi/10.3.1/thumb/v7e-m+dp/hard/crtn.o
 *(.fini)
 .fini          0x08009900        0x4 c:/sysgcc/arm-eabi/bin/../lib/gcc/arm-none-eabi/10.3.1/thumb/v7e-m+dp/hard/crti.o
                0x08009900                _fini
 .fini          0x08009904        0x8 c:/sysgcc/arm-eabi/bin/../lib/gcc/arm-none-eabi/10.3.1/thumb/v7e-m+dp/hard/crtn.o
                0x0800990c                . = ALIGN (0x4)
                0x0800990c                _etext = .

.vfp11_veneer   0x0800990c        0x0
 .vfp11_veneer  0x0800990c        0x0 linker stubs

.v4_bx          0x0800990c        0x0
 .v4_bx         0x0800990c        0x0 linker stubs

.iplt           0x0800990c        0x0
 .iplt          0x0800990c        0x0 c:/sysgcc/arm-eabi/bin/../lib/gcc/arm-none-eabi/10.3.1/thumb/v7e-m+dp/hard/crtbegin.o

.rodata         0x0800990c      0x370
                0x0800990c                . = ALIGN (0x4)
 *(.rodata)
 .rodata        0x0800990c      0x1a1 CMakeFiles/BSP.dir/Core/Src/main.c.obj
 *fill*         0x08009aad        0x3 
 .rodata        0x08009ab0       0x30 CMakeFiles/BSP.dir/Middlewares/Third_Party/FreeRTOS/Source/tasks.c.obj
 .rodata        0x08009ae0        0xd CMakeFiles/BSP.dir/Middlewares/Third_Party/FreeRTOS/Source/timers.c.obj
 *(.rodata*)
 *fill*         0x08009aed        0x3 
 .rodata.defaultTask_attributes
                0x08009af0       0x24 CMakeFiles/BSP.dir/Core/Src/main.c.obj
                0x08009af0                defaultTask_attributes
 .rodata.BlinkyTask_attributes
                0x08009b14       0x24 CMakeFiles/BSP.dir/Core/Src/main.c.obj
                0x08009b14                BlinkyTask_attributes
 .rodata.adcReadValueT_attributes
                0x08009b38       0x24 CMakeFiles/BSP.dir/Core/Src/main.c.obj
                0x08009b38                adcReadValueT_attributes
 .rodata.readTempT_attributes
                0x08009b5c       0x24 CMakeFiles/BSP.dir/Core/Src/main.c.obj
                0x08009b5c                readTempT_attributes
 .rodata.pwmLedBrightnes_attributes
                0x08009b80       0x24 CMakeFiles/BSP.dir/Core/Src/main.c.obj
                0x08009b80                pwmLedBrightnes_attributes
 .rodata.usartDebugPrint_attributes
                0x08009ba4       0x24 CMakeFiles/BSP.dir/Core/Src/main.c.obj
                0x08009ba4                usartDebugPrint_attributes
 .rodata.checkISRStateT_attributes
                0x08009bc8       0x24 CMakeFiles/BSP.dir/Core/Src/main.c.obj
                0x08009bc8                checkISRStateT_attributes
 .rodata.rtosRuntimeStat_attributes
                0x08009bec       0x24 CMakeFiles/BSP.dir/Core/Src/main.c.obj
                0x08009bec                rtosRuntimeStat_attributes
 .rodata.msg_Queue_attributes
                0x08009c10       0x18 CMakeFiles/BSP.dir/Core/Src/main.c.obj
                0x08009c10                msg_Queue_attributes
 .rodata.ISREvent_attributes
                0x08009c28       0x10 CMakeFiles/BSP.dir/Core/Src/main.c.obj
                0x08009c28                ISREvent_attributes
 .rodata.AHBPrescTable
                0x08009c38       0x10 CMakeFiles/BSP.dir/Core/Src/system_stm32f7xx.c.obj
                0x08009c38                AHBPrescTable
 .rodata.APBPrescTable
                0x08009c48        0x8 CMakeFiles/BSP.dir/Core/Src/system_stm32f7xx.c.obj
                0x08009c48                APBPrescTable
 .rodata._global_impure_ptr
                0x08009c50        0x4 c:/sysgcc/arm-eabi/bin/../lib/gcc/arm-none-eabi/10.3.1/../../../../arm-none-eabi/lib/thumb/v7e-m+dp/hard\libg.a(lib_a-impure.o)
                0x08009c50                _global_impure_ptr
 .rodata.__utoa.str1.4
                0x08009c54       0x25 c:/sysgcc/arm-eabi/bin/../lib/gcc/arm-none-eabi/10.3.1/../../../../arm-none-eabi/lib/thumb/v7e-m+dp/hard\libg.a(lib_a-utoa.o)
                0x08009c7c                . = ALIGN (0x4)
 *fill*         0x08009c79        0x3 

.ARM.extab      0x08009c7c        0x0
                0x08009c7c                . = ALIGN (0x4)
 *(.ARM.extab* .gnu.linkonce.armextab.*)
                0x08009c7c                . = ALIGN (0x4)

.ARM            0x08009c7c        0x8
                0x08009c7c                . = ALIGN (0x4)
                0x08009c7c                __exidx_start = .
 *(.ARM.exidx*)
 .ARM.exidx     0x08009c7c        0x8 c:/sysgcc/arm-eabi/bin/../lib/gcc/arm-none-eabi/10.3.1/thumb/v7e-m+dp/hard\libgcc.a(_udivmoddi4.o)
                0x08009c84                __exidx_end = .
                0x08009c84                . = ALIGN (0x4)

.rel.dyn        0x08009c84        0x0
 .rel.iplt      0x08009c84        0x0 c:/sysgcc/arm-eabi/bin/../lib/gcc/arm-none-eabi/10.3.1/thumb/v7e-m+dp/hard/crtbegin.o

.preinit_array  0x08009c84        0x0
                0x08009c84                . = ALIGN (0x4)
                0x08009c84                PROVIDE (__preinit_array_start = .)
 *(.preinit_array*)
                0x08009c84                PROVIDE (__preinit_array_end = .)
                0x08009c84                . = ALIGN (0x4)

.init_array     0x08009c84        0x8
                0x08009c84                . = ALIGN (0x4)
                0x08009c84                PROVIDE (__init_array_start = .)
 *(SORT_BY_NAME(.init_array.*))
 .init_array.00000
                0x08009c84        0x4 c:/sysgcc/arm-eabi/bin/../lib/gcc/arm-none-eabi/10.3.1/../../../../arm-none-eabi/lib/thumb/v7e-m+dp/hard\libg.a(lib_a-__call_atexit.o)
 *(.init_array*)
 .init_array    0x08009c88        0x4 c:/sysgcc/arm-eabi/bin/../lib/gcc/arm-none-eabi/10.3.1/thumb/v7e-m+dp/hard/crtbegin.o
                0x08009c8c                PROVIDE (__init_array_end = .)
                0x08009c8c                . = ALIGN (0x4)

.fini_array     0x08009c8c        0x4
                0x08009c8c                . = ALIGN (0x4)
                0x08009c8c                PROVIDE (__fini_array_start = .)
 *(SORT_BY_NAME(.fini_array.*))
 *(.fini_array*)
 .fini_array    0x08009c8c        0x4 c:/sysgcc/arm-eabi/bin/../lib/gcc/arm-none-eabi/10.3.1/thumb/v7e-m+dp/hard/crtbegin.o
                0x08009c90                PROVIDE (__fini_array_end = .)
                0x08009c90                . = ALIGN (0x4)
                0x08009c90                _sidata = LOADADDR (.data)

.data           0x20000000      0x858 load address 0x08009c90
                0x20000000                . = ALIGN (0x4)
                0x20000000                _sdata = .
 *(.data)
 *(.data*)
 .data.SystemCoreClock
                0x20000000        0x4 CMakeFiles/BSP.dir/Core/Src/system_stm32f7xx.c.obj
                0x20000000                SystemCoreClock
 .data.uxCriticalNesting
                0x20000004        0x4 CMakeFiles/BSP.dir/Middlewares/Third_Party/FreeRTOS/Source/portable/GCC/ARM_CM7/r0p1/port.c.obj
 .data.uwTickPrio
                0x20000008        0x4 CMakeFiles/BSP.dir/Drivers/STM32F7xx_HAL_Driver/Src/stm32f7xx_hal.c.obj
                0x20000008                uwTickPrio
 .data.uwTickFreq
                0x2000000c        0x1 CMakeFiles/BSP.dir/Drivers/STM32F7xx_HAL_Driver/Src/stm32f7xx_hal.c.obj
                0x2000000c                uwTickFreq
 *fill*         0x2000000d        0x3 
 .data._impure_ptr
                0x20000010        0x4 c:/sysgcc/arm-eabi/bin/../lib/gcc/arm-none-eabi/10.3.1/../../../../arm-none-eabi/lib/thumb/v7e-m+dp/hard\libg.a(lib_a-impure.o)
                0x20000010                _impure_ptr
 *fill*         0x20000014        0x4 
 .data.impure_data
                0x20000018      0x428 c:/sysgcc/arm-eabi/bin/../lib/gcc/arm-none-eabi/10.3.1/../../../../arm-none-eabi/lib/thumb/v7e-m+dp/hard\libg.a(lib_a-impure.o)
 .data.__atexit_recursive_mutex
                0x20000440        0x4 c:/sysgcc/arm-eabi/bin/../lib/gcc/arm-none-eabi/10.3.1/../../../../arm-none-eabi/lib/thumb/v7e-m+dp/hard\libg.a(lib_a-__call_atexit.o)
                0x20000440                __atexit_recursive_mutex
 .data.__malloc_av_
                0x20000444      0x408 c:/sysgcc/arm-eabi/bin/../lib/gcc/arm-none-eabi/10.3.1/../../../../arm-none-eabi/lib/thumb/v7e-m+dp/hard\libg.a(lib_a-mallocr.o)
                0x20000444                __malloc_av_
 .data.__malloc_sbrk_base
                0x2000084c        0x4 c:/sysgcc/arm-eabi/bin/../lib/gcc/arm-none-eabi/10.3.1/../../../../arm-none-eabi/lib/thumb/v7e-m+dp/hard\libg.a(lib_a-mallocr.o)
                0x2000084c                __malloc_sbrk_base
 .data.__malloc_trim_threshold
                0x20000850        0x4 c:/sysgcc/arm-eabi/bin/../lib/gcc/arm-none-eabi/10.3.1/../../../../arm-none-eabi/lib/thumb/v7e-m+dp/hard\libg.a(lib_a-mallocr.o)
                0x20000850                __malloc_trim_threshold
 .data.__heap_limit
                0x20000854        0x4 c:/sysgcc/arm-eabi/bin/../lib/gcc/arm-none-eabi/10.3.1/../../../../arm-none-eabi/lib/thumb/v7e-m+dp/hard\librdimon.a(rdimon-syscalls.o)
                0x20000854                __heap_limit
 *(.RamFunc)
 *(.RamFunc*)
                0x20000858                . = ALIGN (0x4)
                0x20000858                _edata = .

.igot.plt       0x20000858        0x0 load address 0x0800a4e8
 .igot.plt      0x20000858        0x0 c:/sysgcc/arm-eabi/bin/../lib/gcc/arm-none-eabi/10.3.1/thumb/v7e-m+dp/hard/crtbegin.o
                0x20000858                . = ALIGN (0x4)

.bss            0x20000858     0x8a90 load address 0x0800a4e8
                0x20000858                _sbss = .
                0x20000858                __bss_start__ = _sbss
 *(.bss)
 .bss           0x20000858       0x1c c:/sysgcc/arm-eabi/bin/../lib/gcc/arm-none-eabi/10.3.1/thumb/v7e-m+dp/hard/crtbegin.o
 *(.bss*)
 .bss.hadc1     0x20000874       0x48 CMakeFiles/BSP.dir/Core/Src/main.c.obj
                0x20000874                hadc1
 .bss.hadc2     0x200008bc       0x48 CMakeFiles/BSP.dir/Core/Src/main.c.obj
                0x200008bc                hadc2
 .bss.htim10    0x20000904       0x4c CMakeFiles/BSP.dir/Core/Src/main.c.obj
                0x20000904                htim10
 .bss.htim13    0x20000950       0x4c CMakeFiles/BSP.dir/Core/Src/main.c.obj
                0x20000950                htim13
 .bss.huart3    0x2000099c       0x88 CMakeFiles/BSP.dir/Core/Src/main.c.obj
                0x2000099c                huart3
 .bss.hpcd_USB_OTG_FS
                0x20000a24      0x508 CMakeFiles/BSP.dir/Core/Src/main.c.obj
                0x20000a24                hpcd_USB_OTG_FS
 .bss.defaultTaskHandle
                0x20000f2c        0x4 CMakeFiles/BSP.dir/Core/Src/main.c.obj
                0x20000f2c                defaultTaskHandle
 .bss.BlinkyTaskHandle
                0x20000f30        0x4 CMakeFiles/BSP.dir/Core/Src/main.c.obj
                0x20000f30                BlinkyTaskHandle
 .bss.adcReadValueTHandle
                0x20000f34        0x4 CMakeFiles/BSP.dir/Core/Src/main.c.obj
                0x20000f34                adcReadValueTHandle
 .bss.adcReadValueTBuffer
                0x20000f38      0x200 CMakeFiles/BSP.dir/Core/Src/main.c.obj
                0x20000f38                adcReadValueTBuffer
 .bss.adcReadValueTControlBlock
                0x20001138      0x488 CMakeFiles/BSP.dir/Core/Src/main.c.obj
                0x20001138                adcReadValueTControlBlock
 .bss.readTempTHandle
                0x200015c0        0x4 CMakeFiles/BSP.dir/Core/Src/main.c.obj
                0x200015c0                readTempTHandle
 .bss.myTask04Buffer
                0x200015c4      0x200 CMakeFiles/BSP.dir/Core/Src/main.c.obj
                0x200015c4                myTask04Buffer
 *fill*         0x200017c4        0x4 
 .bss.myTask04ControlBlock
                0x200017c8      0x488 CMakeFiles/BSP.dir/Core/Src/main.c.obj
                0x200017c8                myTask04ControlBlock
 .bss.pwmLedBrightnesHandle
                0x20001c50        0x4 CMakeFiles/BSP.dir/Core/Src/main.c.obj
                0x20001c50                pwmLedBrightnesHandle
 .bss.pwmLedBrightnesBuffer
                0x20001c54      0x200 CMakeFiles/BSP.dir/Core/Src/main.c.obj
                0x20001c54                pwmLedBrightnesBuffer
 *fill*         0x20001e54        0x4 
 .bss.pwmLedBrightnesControlBlock
                0x20001e58      0x488 CMakeFiles/BSP.dir/Core/Src/main.c.obj
                0x20001e58                pwmLedBrightnesControlBlock
 .bss.usartDebugPrintHandle
                0x200022e0        0x4 CMakeFiles/BSP.dir/Core/Src/main.c.obj
                0x200022e0                usartDebugPrintHandle
 .bss.usartDebugPrintBuffer
                0x200022e4      0x200 CMakeFiles/BSP.dir/Core/Src/main.c.obj
                0x200022e4                usartDebugPrintBuffer
 *fill*         0x200024e4        0x4 
 .bss.usartDebugPrintControlBlock
                0x200024e8      0x488 CMakeFiles/BSP.dir/Core/Src/main.c.obj
                0x200024e8                usartDebugPrintControlBlock
 .bss.checkISRStateTHandle
                0x20002970        0x4 CMakeFiles/BSP.dir/Core/Src/main.c.obj
                0x20002970                checkISRStateTHandle
 .bss.checkISRStateTBuffer
                0x20002974      0x400 CMakeFiles/BSP.dir/Core/Src/main.c.obj
                0x20002974                checkISRStateTBuffer
 *fill*         0x20002d74        0x4 
 .bss.checkISRStateTControlBlock
                0x20002d78      0x488 CMakeFiles/BSP.dir/Core/Src/main.c.obj
                0x20002d78                checkISRStateTControlBlock
 .bss.rtosRuntimeStatHandle
                0x20003200        0x4 CMakeFiles/BSP.dir/Core/Src/main.c.obj
                0x20003200                rtosRuntimeStatHandle
 .bss.rtosRuntimeStatBuffer
                0x20003204      0x200 CMakeFiles/BSP.dir/Core/Src/main.c.obj
                0x20003204                rtosRuntimeStatBuffer
 *fill*         0x20003404        0x4 
 .bss.rtosRuntimeStatControlBlock
                0x20003408      0x488 CMakeFiles/BSP.dir/Core/Src/main.c.obj
                0x20003408                rtosRuntimeStatControlBlock
 .bss.msg_QueueHandle
                0x20003890        0x4 CMakeFiles/BSP.dir/Core/Src/main.c.obj
                0x20003890                msg_QueueHandle
 .bss.msg_QueueBuffer
                0x20003894      0x7a0 CMakeFiles/BSP.dir/Core/Src/main.c.obj
                0x20003894                msg_QueueBuffer
 .bss.msg_QueueControlBlock
                0x20004034       0x50 CMakeFiles/BSP.dir/Core/Src/main.c.obj
                0x20004034                msg_QueueControlBlock
 .bss.ISREventHandle
                0x20004084        0x4 CMakeFiles/BSP.dir/Core/Src/main.c.obj
                0x20004084                ISREventHandle
 .bss.ISREventControlBlock
                0x20004088       0x20 CMakeFiles/BSP.dir/Core/Src/main.c.obj
                0x20004088                ISREventControlBlock
 .bss.ulHighFrequencyTimerTicks
                0x200040a8        0x4 CMakeFiles/BSP.dir/Core/Src/main.c.obj
                0x200040a8                ulHighFrequencyTimerTicks
 .bss.myTaskLedBlink
                0x200040ac        0x4 CMakeFiles/BSP.dir/Core/Src/main.c.obj
                0x200040ac                myTaskLedBlink
 .bss.EventGroup1
                0x200040b0        0x4 CMakeFiles/BSP.dir/Core/Src/main.c.obj
                0x200040b0                EventGroup1
 .bss.htim8     0x200040b4       0x4c CMakeFiles/BSP.dir/Core/Src/stm32f7xx_hal_timebase_tim.c.obj
                0x200040b4                htim8
 .bss.xQueueRegistry
                0x20004100       0x40 CMakeFiles/BSP.dir/Middlewares/Third_Party/FreeRTOS/Source/queue.c.obj
                0x20004100                xQueueRegistry
 .bss.pxCurrentTCB
                0x20004140        0x4 CMakeFiles/BSP.dir/Middlewares/Third_Party/FreeRTOS/Source/tasks.c.obj
                0x20004140                pxCurrentTCB
 .bss.pxReadyTasksLists
                0x20004144      0x460 CMakeFiles/BSP.dir/Middlewares/Third_Party/FreeRTOS/Source/tasks.c.obj
 .bss.xDelayedTaskList1
                0x200045a4       0x14 CMakeFiles/BSP.dir/Middlewares/Third_Party/FreeRTOS/Source/tasks.c.obj
 .bss.xDelayedTaskList2
                0x200045b8       0x14 CMakeFiles/BSP.dir/Middlewares/Third_Party/FreeRTOS/Source/tasks.c.obj
 .bss.pxDelayedTaskList
                0x200045cc        0x4 CMakeFiles/BSP.dir/Middlewares/Third_Party/FreeRTOS/Source/tasks.c.obj
 .bss.pxOverflowDelayedTaskList
                0x200045d0        0x4 CMakeFiles/BSP.dir/Middlewares/Third_Party/FreeRTOS/Source/tasks.c.obj
 .bss.xPendingReadyList
                0x200045d4       0x14 CMakeFiles/BSP.dir/Middlewares/Third_Party/FreeRTOS/Source/tasks.c.obj
 .bss.xTasksWaitingTermination
                0x200045e8       0x14 CMakeFiles/BSP.dir/Middlewares/Third_Party/FreeRTOS/Source/tasks.c.obj
 .bss.uxDeletedTasksWaitingCleanUp
                0x200045fc        0x4 CMakeFiles/BSP.dir/Middlewares/Third_Party/FreeRTOS/Source/tasks.c.obj
 .bss.xSuspendedTaskList
                0x20004600       0x14 CMakeFiles/BSP.dir/Middlewares/Third_Party/FreeRTOS/Source/tasks.c.obj
 .bss.uxCurrentNumberOfTasks
                0x20004614        0x4 CMakeFiles/BSP.dir/Middlewares/Third_Party/FreeRTOS/Source/tasks.c.obj
 .bss.xTickCount
                0x20004618        0x4 CMakeFiles/BSP.dir/Middlewares/Third_Party/FreeRTOS/Source/tasks.c.obj
 .bss.uxTopReadyPriority
                0x2000461c        0x4 CMakeFiles/BSP.dir/Middlewares/Third_Party/FreeRTOS/Source/tasks.c.obj
 .bss.xSchedulerRunning
                0x20004620        0x4 CMakeFiles/BSP.dir/Middlewares/Third_Party/FreeRTOS/Source/tasks.c.obj
 .bss.uxPendedTicks
                0x20004624        0x4 CMakeFiles/BSP.dir/Middlewares/Third_Party/FreeRTOS/Source/tasks.c.obj
 .bss.xYieldPending
                0x20004628        0x4 CMakeFiles/BSP.dir/Middlewares/Third_Party/FreeRTOS/Source/tasks.c.obj
 .bss.xNumOfOverflows
                0x2000462c        0x4 CMakeFiles/BSP.dir/Middlewares/Third_Party/FreeRTOS/Source/tasks.c.obj
 .bss.uxTaskNumber
                0x20004630        0x4 CMakeFiles/BSP.dir/Middlewares/Third_Party/FreeRTOS/Source/tasks.c.obj
 .bss.xNextTaskUnblockTime
                0x20004634        0x4 CMakeFiles/BSP.dir/Middlewares/Third_Party/FreeRTOS/Source/tasks.c.obj
 .bss.xIdleTaskHandle
                0x20004638        0x4 CMakeFiles/BSP.dir/Middlewares/Third_Party/FreeRTOS/Source/tasks.c.obj
 .bss.uxSchedulerSuspended
                0x2000463c        0x4 CMakeFiles/BSP.dir/Middlewares/Third_Party/FreeRTOS/Source/tasks.c.obj
 .bss.ulTaskSwitchedInTime
                0x20004640        0x4 CMakeFiles/BSP.dir/Middlewares/Third_Party/FreeRTOS/Source/tasks.c.obj
 .bss.ulTotalRunTime
                0x20004644        0x4 CMakeFiles/BSP.dir/Middlewares/Third_Party/FreeRTOS/Source/tasks.c.obj
 .bss.xActiveTimerList1
                0x20004648       0x14 CMakeFiles/BSP.dir/Middlewares/Third_Party/FreeRTOS/Source/timers.c.obj
 .bss.xActiveTimerList2
                0x2000465c       0x14 CMakeFiles/BSP.dir/Middlewares/Third_Party/FreeRTOS/Source/timers.c.obj
 .bss.pxCurrentTimerList
                0x20004670        0x4 CMakeFiles/BSP.dir/Middlewares/Third_Party/FreeRTOS/Source/timers.c.obj
 .bss.pxOverflowTimerList
                0x20004674        0x4 CMakeFiles/BSP.dir/Middlewares/Third_Party/FreeRTOS/Source/timers.c.obj
 .bss.xTimerQueue
                0x20004678        0x4 CMakeFiles/BSP.dir/Middlewares/Third_Party/FreeRTOS/Source/timers.c.obj
 .bss.xTimerTaskHandle
                0x2000467c        0x4 CMakeFiles/BSP.dir/Middlewares/Third_Party/FreeRTOS/Source/timers.c.obj
 .bss.xLastTime.2
                0x20004680        0x4 CMakeFiles/BSP.dir/Middlewares/Third_Party/FreeRTOS/Source/timers.c.obj
 .bss.ucStaticTimerQueueStorage.1
                0x20004684       0xa0 CMakeFiles/BSP.dir/Middlewares/Third_Party/FreeRTOS/Source/timers.c.obj
 .bss.xStaticTimerQueue.0
                0x20004724       0x50 CMakeFiles/BSP.dir/Middlewares/Third_Party/FreeRTOS/Source/timers.c.obj
 .bss.KernelState
                0x20004774        0x4 CMakeFiles/BSP.dir/Middlewares/Third_Party/FreeRTOS/Source/CMSIS_RTOS_V2/cmsis_os2.c.obj
 .bss.Idle_TCB  0x20004778      0x488 CMakeFiles/BSP.dir/Middlewares/Third_Party/FreeRTOS/Source/CMSIS_RTOS_V2/cmsis_os2.c.obj
 .bss.Idle_Stack
                0x20004c00      0x200 CMakeFiles/BSP.dir/Middlewares/Third_Party/FreeRTOS/Source/CMSIS_RTOS_V2/cmsis_os2.c.obj
 .bss.Timer_TCB
                0x20004e00      0x488 CMakeFiles/BSP.dir/Middlewares/Third_Party/FreeRTOS/Source/CMSIS_RTOS_V2/cmsis_os2.c.obj
 .bss.Timer_Stack
                0x20005288      0x400 CMakeFiles/BSP.dir/Middlewares/Third_Party/FreeRTOS/Source/CMSIS_RTOS_V2/cmsis_os2.c.obj
 .bss.ucMaxSysCallPriority
                0x20005688        0x1 CMakeFiles/BSP.dir/Middlewares/Third_Party/FreeRTOS/Source/portable/GCC/ARM_CM7/r0p1/port.c.obj
 *fill*         0x20005689        0x3 
 .bss.ulMaxPRIGROUPValue
                0x2000568c        0x4 CMakeFiles/BSP.dir/Middlewares/Third_Party/FreeRTOS/Source/portable/GCC/ARM_CM7/r0p1/port.c.obj
 .bss.ucHeap    0x20005690     0x3c00 CMakeFiles/BSP.dir/Middlewares/Third_Party/FreeRTOS/Source/portable/MemMang/heap_4.c.obj
 .bss.xStart    0x20009290        0x8 CMakeFiles/BSP.dir/Middlewares/Third_Party/FreeRTOS/Source/portable/MemMang/heap_4.c.obj
 .bss.pxEnd     0x20009298        0x4 CMakeFiles/BSP.dir/Middlewares/Third_Party/FreeRTOS/Source/portable/MemMang/heap_4.c.obj
 .bss.xFreeBytesRemaining
                0x2000929c        0x4 CMakeFiles/BSP.dir/Middlewares/Third_Party/FreeRTOS/Source/portable/MemMang/heap_4.c.obj
 .bss.xMinimumEverFreeBytesRemaining
                0x200092a0        0x4 CMakeFiles/BSP.dir/Middlewares/Third_Party/FreeRTOS/Source/portable/MemMang/heap_4.c.obj
 .bss.xBlockAllocatedBit
                0x200092a4        0x4 CMakeFiles/BSP.dir/Middlewares/Third_Party/FreeRTOS/Source/portable/MemMang/heap_4.c.obj
 .bss.uwTick    0x200092a8        0x4 CMakeFiles/BSP.dir/Drivers/STM32F7xx_HAL_Driver/Src/stm32f7xx_hal.c.obj
                0x200092a8                uwTick
 .bss.errno     0x200092ac        0x4 c:/sysgcc/arm-eabi/bin/../lib/gcc/arm-none-eabi/10.3.1/../../../../arm-none-eabi/lib/thumb/v7e-m+dp/hard\libg.a(lib_a-reent.o)
                0x200092ac                errno
 .bss.__lock___atexit_recursive_mutex
                0x200092b0        0x1 c:/sysgcc/arm-eabi/bin/../lib/gcc/arm-none-eabi/10.3.1/../../../../arm-none-eabi/lib/thumb/v7e-m+dp/hard\libg.a(lib_a-lock.o)
                0x200092b0                __lock___atexit_recursive_mutex
 *fill*         0x200092b1        0x3 
 .bss.__lock___malloc_recursive_mutex
                0x200092b4        0x1 c:/sysgcc/arm-eabi/bin/../lib/gcc/arm-none-eabi/10.3.1/../../../../arm-none-eabi/lib/thumb/v7e-m+dp/hard\libg.a(lib_a-lock.o)
                0x200092b4                __lock___malloc_recursive_mutex
 *fill*         0x200092b5        0x3 
 .bss.__malloc_current_mallinfo
                0x200092b8       0x28 c:/sysgcc/arm-eabi/bin/../lib/gcc/arm-none-eabi/10.3.1/../../../../arm-none-eabi/lib/thumb/v7e-m+dp/hard\libg.a(lib_a-mallocr.o)
                0x200092b8                __malloc_current_mallinfo
 .bss.__malloc_top_pad
                0x200092e0        0x4 c:/sysgcc/arm-eabi/bin/../lib/gcc/arm-none-eabi/10.3.1/../../../../arm-none-eabi/lib/thumb/v7e-m+dp/hard\libg.a(lib_a-mallocr.o)
                0x200092e0                __malloc_top_pad
 .bss.heap_end.0
                0x200092e4        0x4 c:/sysgcc/arm-eabi/bin/../lib/gcc/arm-none-eabi/10.3.1/../../../../arm-none-eabi/lib/thumb/v7e-m+dp/hard\librdimon.a(rdimon-syscalls.o)
 *(COMMON)
                0x200092e8                . = ALIGN (0x4)
                0x200092e8                _ebss = .
                0x200092e8                __bss_end__ = _ebss

._user_heap_stack
                0x200092e8      0x600 load address 0x0800a4e8
                0x200092e8                . = ALIGN (0x8)
                0x200092e8                PROVIDE (end = .)
                [!provide]                PROVIDE (_end = .)
                0x200094e8                . = (. + _Min_Heap_Size)
 *fill*         0x200092e8      0x200 
                0x200098e8                . = (. + _Min_Stack_Size)
 *fill*         0x200094e8      0x400 
                0x200098e8                . = ALIGN (0x8)

/DISCARD/
 libc.a(*)
 libm.a(*)
 libgcc.a(*)

.ARM.attributes
                0x00000000       0x2e
 *(.ARM.attributes)
 .ARM.attributes
                0x00000000       0x1e c:/sysgcc/arm-eabi/bin/../lib/gcc/arm-none-eabi/10.3.1/thumb/v7e-m+dp/hard/crti.o
 .ARM.attributes
                0x0000001e       0x32 c:/sysgcc/arm-eabi/bin/../lib/gcc/arm-none-eabi/10.3.1/thumb/v7e-m+dp/hard/crtbegin.o
 .ARM.attributes
                0x00000050       0x32 CMakeFiles/BSP.dir/Core/Src/main.c.obj
 .ARM.attributes
                0x00000082       0x32 CMakeFiles/BSP.dir/Core/Src/stm32f7xx_hal_msp.c.obj
 .ARM.attributes
                0x000000b4       0x32 CMakeFiles/BSP.dir/Core/Src/stm32f7xx_hal_timebase_tim.c.obj
 .ARM.attributes
                0x000000e6       0x32 CMakeFiles/BSP.dir/Core/Src/stm32f7xx_it.c.obj
 .ARM.attributes
                0x00000118       0x32 CMakeFiles/BSP.dir/Core/Src/system_stm32f7xx.c.obj
 .ARM.attributes
                0x0000014a       0x21 CMakeFiles/BSP.dir/Core/Startup/startup_stm32f767zitx.s.obj
 .ARM.attributes
                0x0000016b       0x32 CMakeFiles/BSP.dir/Middlewares/Third_Party/FreeRTOS/Source/event_groups.c.obj
 .ARM.attributes
                0x0000019d       0x32 CMakeFiles/BSP.dir/Middlewares/Third_Party/FreeRTOS/Source/list.c.obj
 .ARM.attributes
                0x000001cf       0x32 CMakeFiles/BSP.dir/Middlewares/Third_Party/FreeRTOS/Source/queue.c.obj
 .ARM.attributes
                0x00000201       0x32 CMakeFiles/BSP.dir/Middlewares/Third_Party/FreeRTOS/Source/tasks.c.obj
 .ARM.attributes
                0x00000233       0x32 CMakeFiles/BSP.dir/Middlewares/Third_Party/FreeRTOS/Source/timers.c.obj
 .ARM.attributes
                0x00000265       0x32 CMakeFiles/BSP.dir/Middlewares/Third_Party/FreeRTOS/Source/CMSIS_RTOS_V2/cmsis_os2.c.obj
 .ARM.attributes
                0x00000297       0x32 CMakeFiles/BSP.dir/Middlewares/Third_Party/FreeRTOS/Source/portable/GCC/ARM_CM7/r0p1/port.c.obj
 .ARM.attributes
                0x000002c9       0x32 CMakeFiles/BSP.dir/Middlewares/Third_Party/FreeRTOS/Source/portable/MemMang/heap_4.c.obj
 .ARM.attributes
                0x000002fb       0x32 CMakeFiles/BSP.dir/Drivers/STM32F7xx_HAL_Driver/Src/stm32f7xx_hal.c.obj
 .ARM.attributes
                0x0000032d       0x32 CMakeFiles/BSP.dir/Drivers/STM32F7xx_HAL_Driver/Src/stm32f7xx_hal_adc.c.obj
 .ARM.attributes
                0x0000035f       0x32 CMakeFiles/BSP.dir/Drivers/STM32F7xx_HAL_Driver/Src/stm32f7xx_hal_cortex.c.obj
 .ARM.attributes
                0x00000391       0x32 CMakeFiles/BSP.dir/Drivers/STM32F7xx_HAL_Driver/Src/stm32f7xx_hal_gpio.c.obj
 .ARM.attributes
                0x000003c3       0x32 CMakeFiles/BSP.dir/Drivers/STM32F7xx_HAL_Driver/Src/stm32f7xx_hal_pcd.c.obj
 .ARM.attributes
                0x000003f5       0x32 CMakeFiles/BSP.dir/Drivers/STM32F7xx_HAL_Driver/Src/stm32f7xx_hal_pcd_ex.c.obj
 .ARM.attributes
                0x00000427       0x32 CMakeFiles/BSP.dir/Drivers/STM32F7xx_HAL_Driver/Src/stm32f7xx_hal_pwr.c.obj
 .ARM.attributes
                0x00000459       0x32 CMakeFiles/BSP.dir/Drivers/STM32F7xx_HAL_Driver/Src/stm32f7xx_hal_rcc.c.obj
 .ARM.attributes
                0x0000048b       0x32 CMakeFiles/BSP.dir/Drivers/STM32F7xx_HAL_Driver/Src/stm32f7xx_hal_rcc_ex.c.obj
 .ARM.attributes
                0x000004bd       0x32 CMakeFiles/BSP.dir/Drivers/STM32F7xx_HAL_Driver/Src/stm32f7xx_hal_tim.c.obj
 .ARM.attributes
                0x000004ef       0x32 CMakeFiles/BSP.dir/Drivers/STM32F7xx_HAL_Driver/Src/stm32f7xx_hal_tim_ex.c.obj
 .ARM.attributes
                0x00000521       0x32 CMakeFiles/BSP.dir/Drivers/STM32F7xx_HAL_Driver/Src/stm32f7xx_hal_uart.c.obj
 .ARM.attributes
                0x00000553       0x32 CMakeFiles/BSP.dir/Drivers/STM32F7xx_HAL_Driver/Src/stm32f7xx_ll_usb.c.obj
 .ARM.attributes
                0x00000585       0x1e c:/sysgcc/arm-eabi/bin/../lib/gcc/arm-none-eabi/10.3.1/thumb/v7e-m+dp/hard\libgcc.a(_aeabi_uldivmod.o)
 .ARM.attributes
                0x000005a3       0x32 c:/sysgcc/arm-eabi/bin/../lib/gcc/arm-none-eabi/10.3.1/thumb/v7e-m+dp/hard\libgcc.a(_udivmoddi4.o)
 .ARM.attributes
                0x000005d5       0x1e c:/sysgcc/arm-eabi/bin/../lib/gcc/arm-none-eabi/10.3.1/thumb/v7e-m+dp/hard\libgcc.a(_dvmd_tls.o)
 .ARM.attributes
                0x000005f3       0x30 c:/sysgcc/arm-eabi/bin/../lib/gcc/arm-none-eabi/10.3.1/../../../../arm-none-eabi/lib/thumb/v7e-m+dp/hard\libg.a(lib_a-impure.o)
 .ARM.attributes
                0x00000623       0x32 c:/sysgcc/arm-eabi/bin/../lib/gcc/arm-none-eabi/10.3.1/../../../../arm-none-eabi/lib/thumb/v7e-m+dp/hard\libg.a(lib_a-init.o)
 .ARM.attributes
                0x00000655       0x32 c:/sysgcc/arm-eabi/bin/../lib/gcc/arm-none-eabi/10.3.1/../../../../arm-none-eabi/lib/thumb/v7e-m+dp/hard\libg.a(lib_a-itoa.o)
 .ARM.attributes
                0x00000687       0x1c c:/sysgcc/arm-eabi/bin/../lib/gcc/arm-none-eabi/10.3.1/../../../../arm-none-eabi/lib/thumb/v7e-m+dp/hard\libg.a(lib_a-memcpy.o)
 .ARM.attributes
                0x000006a3       0x32 c:/sysgcc/arm-eabi/bin/../lib/gcc/arm-none-eabi/10.3.1/../../../../arm-none-eabi/lib/thumb/v7e-m+dp/hard\libg.a(lib_a-memset.o)
 .ARM.attributes
                0x000006d5       0x32 c:/sysgcc/arm-eabi/bin/../lib/gcc/arm-none-eabi/10.3.1/../../../../arm-none-eabi/lib/thumb/v7e-m+dp/hard\libg.a(lib_a-reent.o)
 .ARM.attributes
                0x00000707       0x32 c:/sysgcc/arm-eabi/bin/../lib/gcc/arm-none-eabi/10.3.1/../../../../arm-none-eabi/lib/thumb/v7e-m+dp/hard\libg.a(lib_a-strcpy.o)
 .ARM.attributes
                0x00000739       0x1c c:/sysgcc/arm-eabi/bin/../lib/gcc/arm-none-eabi/10.3.1/../../../../arm-none-eabi/lib/thumb/v7e-m+dp/hard\libg.a(lib_a-strlen.o)
 .ARM.attributes
                0x00000755       0x32 c:/sysgcc/arm-eabi/bin/../lib/gcc/arm-none-eabi/10.3.1/../../../../arm-none-eabi/lib/thumb/v7e-m+dp/hard\libg.a(lib_a-utoa.o)
 .ARM.attributes
                0x00000787       0x32 c:/sysgcc/arm-eabi/bin/../lib/gcc/arm-none-eabi/10.3.1/../../../../arm-none-eabi/lib/thumb/v7e-m+dp/hard\libg.a(lib_a-__call_atexit.o)
 .ARM.attributes
                0x000007b9       0x32 c:/sysgcc/arm-eabi/bin/../lib/gcc/arm-none-eabi/10.3.1/../../../../arm-none-eabi/lib/thumb/v7e-m+dp/hard\libg.a(lib_a-atexit.o)
 .ARM.attributes
                0x000007eb       0x32 c:/sysgcc/arm-eabi/bin/../lib/gcc/arm-none-eabi/10.3.1/../../../../arm-none-eabi/lib/thumb/v7e-m+dp/hard\libg.a(lib_a-fini.o)
 .ARM.attributes
                0x0000081d       0x32 c:/sysgcc/arm-eabi/bin/../lib/gcc/arm-none-eabi/10.3.1/../../../../arm-none-eabi/lib/thumb/v7e-m+dp/hard\libg.a(lib_a-freer.o)
 .ARM.attributes
                0x0000084f       0x32 c:/sysgcc/arm-eabi/bin/../lib/gcc/arm-none-eabi/10.3.1/../../../../arm-none-eabi/lib/thumb/v7e-m+dp/hard\libg.a(lib_a-lock.o)
 .ARM.attributes
                0x00000881       0x32 c:/sysgcc/arm-eabi/bin/../lib/gcc/arm-none-eabi/10.3.1/../../../../arm-none-eabi/lib/thumb/v7e-m+dp/hard\libg.a(lib_a-mallocr.o)
 .ARM.attributes
                0x000008b3       0x32 c:/sysgcc/arm-eabi/bin/../lib/gcc/arm-none-eabi/10.3.1/../../../../arm-none-eabi/lib/thumb/v7e-m+dp/hard\libg.a(lib_a-mlock.o)
 .ARM.attributes
                0x000008e5       0x32 c:/sysgcc/arm-eabi/bin/../lib/gcc/arm-none-eabi/10.3.1/../../../../arm-none-eabi/lib/thumb/v7e-m+dp/hard\libg.a(lib_a-sbrkr.o)
 .ARM.attributes
                0x00000917       0x32 c:/sysgcc/arm-eabi/bin/../lib/gcc/arm-none-eabi/10.3.1/../../../../arm-none-eabi/lib/thumb/v7e-m+dp/hard\libg.a(lib_a-__atexit.o)
 .ARM.attributes
                0x00000949       0x32 c:/sysgcc/arm-eabi/bin/../lib/gcc/arm-none-eabi/10.3.1/../../../../arm-none-eabi/lib/thumb/v7e-m+dp/hard\libg.a(lib_a-errno.o)
 .ARM.attributes
                0x0000097b       0x32 c:/sysgcc/arm-eabi/bin/../lib/gcc/arm-none-eabi/10.3.1/../../../../arm-none-eabi/lib/thumb/v7e-m+dp/hard\librdimon.a(rdimon-syscalls.o)
 .ARM.attributes
                0x000009ad       0x1e c:/sysgcc/arm-eabi/bin/../lib/gcc/arm-none-eabi/10.3.1/thumb/v7e-m+dp/hard/crtn.o
OUTPUT(STM32_Freertos_CubeMX elf32-littlearm)
LOAD linker stubs
LOAD c:/sysgcc/arm-eabi/bin/../lib/gcc/arm-none-eabi/10.3.1/../../../../arm-none-eabi/lib/thumb/v7e-m+dp/hard\libc.a
LOAD c:/sysgcc/arm-eabi/bin/../lib/gcc/arm-none-eabi/10.3.1/../../../../arm-none-eabi/lib/thumb/v7e-m+dp/hard\libm.a
LOAD c:/sysgcc/arm-eabi/bin/../lib/gcc/arm-none-eabi/10.3.1/thumb/v7e-m+dp/hard\libgcc.a

.debug_info     0x00000000    0x21f46
 .debug_info    0x00000000     0x3172 CMakeFiles/BSP.dir/Core/Src/main.c.obj
 .debug_info    0x00003172     0x1ce7 CMakeFiles/BSP.dir/Core/Src/stm32f7xx_hal_msp.c.obj
 .debug_info    0x00004e59      0xcce CMakeFiles/BSP.dir/Core/Src/stm32f7xx_hal_timebase_tim.c.obj
 .debug_info    0x00005b27      0x79a CMakeFiles/BSP.dir/Core/Src/stm32f7xx_it.c.obj
 .debug_info    0x000062c1      0x72c CMakeFiles/BSP.dir/Core/Src/system_stm32f7xx.c.obj
 .debug_info    0x000069ed       0x22 CMakeFiles/BSP.dir/Core/Startup/startup_stm32f767zitx.s.obj
 .debug_info    0x00006a0f      0xb5d CMakeFiles/BSP.dir/Middlewares/Third_Party/FreeRTOS/Source/event_groups.c.obj
 .debug_info    0x0000756c      0x2d1 CMakeFiles/BSP.dir/Middlewares/Third_Party/FreeRTOS/Source/list.c.obj
 .debug_info    0x0000783d     0x1af8 CMakeFiles/BSP.dir/Middlewares/Third_Party/FreeRTOS/Source/queue.c.obj
 .debug_info    0x00009335     0x2b76 CMakeFiles/BSP.dir/Middlewares/Third_Party/FreeRTOS/Source/tasks.c.obj
 .debug_info    0x0000beab     0x1b78 CMakeFiles/BSP.dir/Middlewares/Third_Party/FreeRTOS/Source/timers.c.obj
 .debug_info    0x0000da23     0x3ccc CMakeFiles/BSP.dir/Middlewares/Third_Party/FreeRTOS/Source/CMSIS_RTOS_V2/cmsis_os2.c.obj
 .debug_info    0x000116ef      0x4b4 CMakeFiles/BSP.dir/Middlewares/Third_Party/FreeRTOS/Source/portable/GCC/ARM_CM7/r0p1/port.c.obj
 .debug_info    0x00011ba3      0x3c6 CMakeFiles/BSP.dir/Middlewares/Third_Party/FreeRTOS/Source/portable/MemMang/heap_4.c.obj
 .debug_info    0x00011f69      0xa2f CMakeFiles/BSP.dir/Drivers/STM32F7xx_HAL_Driver/Src/stm32f7xx_hal.c.obj
 .debug_info    0x00012998      0xcbe CMakeFiles/BSP.dir/Drivers/STM32F7xx_HAL_Driver/Src/stm32f7xx_hal_adc.c.obj
 .debug_info    0x00013656     0x109c CMakeFiles/BSP.dir/Drivers/STM32F7xx_HAL_Driver/Src/stm32f7xx_hal_cortex.c.obj
 .debug_info    0x000146f2      0x7a2 CMakeFiles/BSP.dir/Drivers/STM32F7xx_HAL_Driver/Src/stm32f7xx_hal_gpio.c.obj
 .debug_info    0x00014e94     0x130d CMakeFiles/BSP.dir/Drivers/STM32F7xx_HAL_Driver/Src/stm32f7xx_hal_pcd.c.obj
 .debug_info    0x000161a1      0x7df CMakeFiles/BSP.dir/Drivers/STM32F7xx_HAL_Driver/Src/stm32f7xx_hal_pcd_ex.c.obj
 .debug_info    0x00016980      0x978 CMakeFiles/BSP.dir/Drivers/STM32F7xx_HAL_Driver/Src/stm32f7xx_hal_pwr.c.obj
 .debug_info    0x000172f8      0x9b3 CMakeFiles/BSP.dir/Drivers/STM32F7xx_HAL_Driver/Src/stm32f7xx_hal_rcc.c.obj
 .debug_info    0x00017cab      0x77f CMakeFiles/BSP.dir/Drivers/STM32F7xx_HAL_Driver/Src/stm32f7xx_hal_rcc_ex.c.obj
 .debug_info    0x0001842a     0x2ca2 CMakeFiles/BSP.dir/Drivers/STM32F7xx_HAL_Driver/Src/stm32f7xx_hal_tim.c.obj
 .debug_info    0x0001b0cc     0x16d1 CMakeFiles/BSP.dir/Drivers/STM32F7xx_HAL_Driver/Src/stm32f7xx_hal_tim_ex.c.obj
 .debug_info    0x0001c79d     0x3c56 CMakeFiles/BSP.dir/Drivers/STM32F7xx_HAL_Driver/Src/stm32f7xx_hal_uart.c.obj
 .debug_info    0x000203f3     0x1b53 CMakeFiles/BSP.dir/Drivers/STM32F7xx_HAL_Driver/Src/stm32f7xx_ll_usb.c.obj

.debug_abbrev   0x00000000     0x3b79
 .debug_abbrev  0x00000000      0x355 CMakeFiles/BSP.dir/Core/Src/main.c.obj
 .debug_abbrev  0x00000355      0x220 CMakeFiles/BSP.dir/Core/Src/stm32f7xx_hal_msp.c.obj
 .debug_abbrev  0x00000575      0x1a5 CMakeFiles/BSP.dir/Core/Src/stm32f7xx_hal_timebase_tim.c.obj
 .debug_abbrev  0x0000071a      0x15c CMakeFiles/BSP.dir/Core/Src/stm32f7xx_it.c.obj
 .debug_abbrev  0x00000876      0x136 CMakeFiles/BSP.dir/Core/Src/system_stm32f7xx.c.obj
 .debug_abbrev  0x000009ac       0x12 CMakeFiles/BSP.dir/Core/Startup/startup_stm32f767zitx.s.obj
 .debug_abbrev  0x000009be      0x26d CMakeFiles/BSP.dir/Middlewares/Third_Party/FreeRTOS/Source/event_groups.c.obj
 .debug_abbrev  0x00000c2b       0xf2 CMakeFiles/BSP.dir/Middlewares/Third_Party/FreeRTOS/Source/list.c.obj
 .debug_abbrev  0x00000d1d      0x307 CMakeFiles/BSP.dir/Middlewares/Third_Party/FreeRTOS/Source/queue.c.obj
 .debug_abbrev  0x00001024      0x3c5 CMakeFiles/BSP.dir/Middlewares/Third_Party/FreeRTOS/Source/tasks.c.obj
 .debug_abbrev  0x000013e9      0x322 CMakeFiles/BSP.dir/Middlewares/Third_Party/FreeRTOS/Source/timers.c.obj
 .debug_abbrev  0x0000170b      0x423 CMakeFiles/BSP.dir/Middlewares/Third_Party/FreeRTOS/Source/CMSIS_RTOS_V2/cmsis_os2.c.obj
 .debug_abbrev  0x00001b2e      0x247 CMakeFiles/BSP.dir/Middlewares/Third_Party/FreeRTOS/Source/portable/GCC/ARM_CM7/r0p1/port.c.obj
 .debug_abbrev  0x00001d75      0x1d7 CMakeFiles/BSP.dir/Middlewares/Third_Party/FreeRTOS/Source/portable/MemMang/heap_4.c.obj
 .debug_abbrev  0x00001f4c      0x1da CMakeFiles/BSP.dir/Drivers/STM32F7xx_HAL_Driver/Src/stm32f7xx_hal.c.obj
 .debug_abbrev  0x00002126      0x203 CMakeFiles/BSP.dir/Drivers/STM32F7xx_HAL_Driver/Src/stm32f7xx_hal_adc.c.obj
 .debug_abbrev  0x00002329      0x316 CMakeFiles/BSP.dir/Drivers/STM32F7xx_HAL_Driver/Src/stm32f7xx_hal_cortex.c.obj
 .debug_abbrev  0x0000263f      0x1c4 CMakeFiles/BSP.dir/Drivers/STM32F7xx_HAL_Driver/Src/stm32f7xx_hal_gpio.c.obj
 .debug_abbrev  0x00002803      0x273 CMakeFiles/BSP.dir/Drivers/STM32F7xx_HAL_Driver/Src/stm32f7xx_hal_pcd.c.obj
 .debug_abbrev  0x00002a76      0x1bd CMakeFiles/BSP.dir/Drivers/STM32F7xx_HAL_Driver/Src/stm32f7xx_hal_pcd_ex.c.obj